******************************************************************************
                  TI ARM Linker Unix v16.9.4                   
******************************************************************************
>> Linked Mon Feb 12 09:47:04 2018

OUTPUT FILE NAME:   <network_terminal.out>
ENTRY POINT SYMBOL: "_c_int00"  address: 2001a2a9


MEMORY CONFIGURATION

         name            origin    length      used     unused   attr    fill
----------------------  --------  ---------  --------  --------  ----  --------
  SRAM0                 20000000   00004000  0000070c  000038f4  RW X
  SRAM                  20004000   0003c000  00026b0b  000154f5  RW X


SEGMENT ALLOCATION MAP

run origin  load origin   length   init length attrs members
----------  ----------- ---------- ----------- ----- -------
20003c00    20003c00    00000400   00000000    rw-
  20003c00    20003c00    00000400   00000000    rw- .stack
20004000    20004000    00020e80   00018e7a    r-x
  20004000    20004000    0000003c   0000003c    r-- .resetVecs
  20004040    20004040    00018e3a   00018e3a    r-x .text
  2001ce80    2001ce80    00008000   00000000    r-- .priheap
20025000    20025000    000047c2   00000000    rw-
  20025000    20025000    000032b5   00000000    rw- .bss
  200282b8    200282b8    0000150a   00000000    rw- .data
200297c4    200297c4    00000ff6   00000ff6    r--
  200297c4    200297c4    00000ff6   00000ff6    r-- .const
2002a7c0    2002a7c0    000004e0   000004e0    r--
  2002a7c0    2002a7c0    000004e0   000004e0    r-- .cinit


SECTION ALLOCATION MAP

 output                                  attributes/
section   page    origin      length       input sections
--------  ----  ----------  ----------   ----------------
.bootVecs 
*          0    00000000    00000008     DSECT
                  00000000    00000008     boot.aem4 : boot.oem4 (.bootVecs)

.vecs      0    20000000    0000030c     NOLOAD SECTION
                  20000000    0000030c     release_pem4.oem4 (.vecs)

.resetVecs 
*          0    20004000    0000003c     
                  20004000    0000003c     release_pem4.oem4 (.resetVecs)

xdc.meta   0    00000000    00000119     COPY SECTION
                  00000000    00000119     release_pem4.oem4 (xdc.meta)

xdc.noload 
*          0    00000000    00000000     COPY SECTION

.text      0    20004040    00018e3a     
                  20004040    00001122     rtsv7M4_T_le_eabi.lib : _printfi.obj (.text)
                  20005162    00000002     drivers_cc32xx.aem4 : UARTCC32XX.oem4 (.text:UARTCC32XX_init)
                  20005164    00000880     simplelink.a : driver.obj (.text:_SlDrvMsgRead)
                  200059e4    00000728     p2p_main.obj (.text:command_handler)
                  2000610c    00000520     p2p_config.obj (.text:p2p_init)
                  2000662c    0000048c     webserver.obj (.text:SendResponse)
                  20006ab8    0000042c     driverlib.a : prcm.obj (.text:PRCMCC3200MCUInit)
                  20006ee4    0000041c     WebSockHandler.obj (.text:WSCore_DataRecv)
                  20007300    0000040c     simplelink.a : sl_socket.obj (.text:_SlSocketHandleAsync_Select)
                  2000770c    00000408     system.obj (.text:system_registration)
                  20007b14    000003f8     HttpCore.obj (.text:WSCore_HandshakeResponse)
                  20007f0c    000003e4     network_terminal.obj (.text:Network_IF_WifiSetMode)
                  200082f0    00000398     HttpCore.obj (.text:HttpCore_HandleRequestPacket)
                  20008688    00000384     simplelink.a : driver.obj (.text:_SlDrvMsgWrite)
                  20008a0c    00000364     network_if.obj (.text:Network_IF_ConnectAP)
                  20008d70    00000350     HttpCore.obj (.text:WSCore_HandshakeRequest)
                  200090c0    00000344     system.obj (.text:system_init)
                  20009404    00000340     nxcGenUDID_24.obj (.text:inxcGenUDID)
                  20009744    00000334     userconfig.obj (.text:assign_information)
                  20009a78    0000032c     HttpCore.obj (.text:RunHttpServer)
                  20009da4    00000318     jsmn.obj (.text:jsmn_parse)
                  2000a0bc    00000304     network_terminal.obj (.text:Network_IF_provisionAP)
                  2000a3c0    000002fc     system.obj (.text:get_url_default)
                  2000a6bc    000002d8     simplelink.a : driver.obj (.text:_SlDrvRxHdrRead)
                  2000a994    000002c8     system.obj (.text:set_url_default)
                  2000ac5c    000002b0     simplelink.a : wlan.obj (.text:sl_WlanProfileAdd)
                  2000af0c    0000028d     network_if.obj (.text:SimpleLinkSockEventHandler)
                  2000b199    00000001     --HOLE-- [fill = 0]
                  2000b19a    00000002     rtsv7M4_T_le_eabi.lib : i_div0.obj (.text)
                  2000b19c    0000027c     simplelink.a : wlan.obj (.text:sl_WlanConnect)
                  2000b418    00000274                  : driver.obj (.text:_SlDrvallocateErrno)
                  2000b68c    00000270     drivers_cc32xx.aem4 : UARTCC32XX.oem4 (.text:UARTCC32XX_open)
                  2000b8fc    00000258     HttpCore.obj (.text:HttpCore_GetNextLine)
                  2000bb54    0000023c     HttpCore.obj (.text:HttpCore_HandleHeaderLine)
                  2000bd90    00000230     HttpCore.obj (.text:HttpCore_HandleMethodLine)
                  2000bfc0    0000022a     url_parser.obj (.text:requestParser)
                  2000c1ea    00000002     release_pem4.oem4 (.text:ti_sysbios_BIOS_nullFunc__I)
                  2000c1ec    00000210     server_util.obj (.text:myCinRegisterParse)
                  2000c3fc    00000208     simplelink.a : driver.obj (.text:_SlDrvDriverCBInit)
                  2000c604    00000204     system.obj (.text:set_url)
                  2000c808    00000200     server_api.obj (.text:myCinRegister)
                  2000ca08    000001fc     simplelink.a : driver.obj (.text:_SlDrvDataReadOp)
                  2000cc04    000001f4     rtsv7M4_T_le_eabi.lib : ull_div_t2.obj (.text)
                  2000cdf8    000001f2     simplelink.a : netapp.obj (.text:_SlNetAppEventHandler)
                  2000cfea    00000002     release_pem4.oem4 (.text:xdc_runtime_Startup_reset__I)
                  2000cfec    000001e1     network_if.obj (.text:SimpleLinkFatalErrorEventHandler)
                  2000d1cd    00000003     --HOLE-- [fill = 0]
                  2000d1d0    000001d8     network_if.obj (.text:SimpleLinkWlanEventHandler)
                  2000d3a8    000001d8     simplelink.a : driver.obj (.text:_SlDrvReleasePoolObj)
                  2000d580    000001d6     server_http_client.obj (.text:myCinHttpVersionGetResponse)
                  2000d756    000001d0     drivers_cc32xx.aem4 : SPICC32XXDMA.oem4 (.text:SPICC32XXDMA_transfer)
                  2000d926    00000002     --HOLE-- [fill = 0]
                  2000d928    000001cc                         : GPIOCC32XX.oem4 (.text:GPIO_setConfig)
                  2000daf4    000001bc     simplelink.a : driver.obj (.text:_SlDrvMsgReadCmdCtx)
                  2000dcb0    000001bc                  : sl_socket.obj (.text:sl_Accept)
                  2000de6c    000001b8     dpl_cc32xx.aem4 : PowerCC32XX_tirtos.oem4 (.text:PowerCC32XX_sleepPolicy)
                  2000e024    000001b6     rtsv7M4_T_le_eabi.lib : fd_add_t2.obj (.text)
                  2000e1da    00000002     --HOLE-- [fill = 0]
                  2000e1dc    0000019c     HttpCore.obj (.text:HttpResponse_Headers)
                  2000e378    0000019c     simplelink.a : driver.obj (.text:_SlDrvWaitForPoolObj)
                  2000e514    00000190     httpcli.obj (.text:bufferedRecv)
                  2000e6a4    0000018c     p2p_config.obj (.text:config_init)
                  2000e830    0000018c     system.obj (.text:get_cam_default)
                  2000e9bc    0000018c     jsmn.obj (.text:jsmn_parse_string)
                  2000eb48    0000018c     simplelink.a : sl_socket.obj (.text:sl_Connect)
                  2000ecd4    00000180     HttpCore.obj (.text:HttpCore_HandleRequestData)
                  2000ee54    00000180     network_if.obj (.text:SimpleLinkNetAppEventHandler)
                  2000efd4    00000180     simplelink.a : driver.obj (.text:_SlDrvDataWriteOp)
                  2000f154    00000180     drivers_cc32xx.aem4 : SPICC32XXDMA.oem4 (.text:configDMA)
                  2000f2d4    0000017c     simplelink.a : spawn.obj (.text:_SlInternalSpawnTaskEntry)
                  2000f450    00000174                  : driver.obj (.text:_SlDrvFindAndSetActiveObj)
                  2000f5c4    00000174     network_terminal.obj (.text:mainThread)
                  2000f738    00000170     httpcli.obj (.text:HTTPCli_getResponseField)
                  2000f8a8    0000016c     simplelink.a : device.obj (.text:sl_Stop)
                  2000fa14    00000164     WebSockHandler.obj (.text:WSCore_DataSend)
                  2000fb78    00000158     drivers_cc32xx.aem4 : SPICC32XXDMA.oem4 (.text:SPICC32XXDMA_open)
                  2000fcd0    00000154     sysbios.aem4 : BIOS.obj (.text:ti_sysbios_knl_Task_Instance_finalize__E)
                  2000fe24    00000150     simplelink.a : driver.obj (.text:_SlDrvDriverCBDeinit)
                  2000ff74    00000150     drivers_cc32xx.aem4 : PowerCC32XX.oem4 (.text:parkPins)
                  200100c4    00000138     simplelink.a : driver.obj (.text:_SlDrvAsyncEventGenericHandler)
                  200101fc    00000136     rtsv7M4_T_le_eabi.lib : fd_div_t2.obj (.text)
                  20010332    00000002     --HOLE-- [fill = 0]
                  20010334    00000134     httpcli.obj (.text:HTTPCli_connect)
                  20010468    00000134     simplelink.a : netapp.obj (.text:sl_NetAppDnsGetHostByName)
                  2001059c    00000130     base64.obj (.text:ConvertToBase64)
                  200106cc    00000130     simplelink.a : sl_socket.obj (.text:_SlDrvGetNextTimeoutValue)
                  200107fc    00000130     httpcli.obj (.text:getChunkedData)
                  2001092c    00000004     dpl_cc32xx.aem4 : ClockP_tirtos.oem4 (.text:ClockP_getCpuFreq)
                  20010930    00000130     sysbios.aem4 : BIOS.obj (.text:ti_sysbios_knl_Semaphore_pend__E)
                  20010a60    00000128     simplelink.a : driver.obj (.text:_SlDrvClassifyRxMsg)
                  20010b88    00000124                  : fs.obj (.text:sl_FsOpen)
                  20010cac    00000124                  : device.obj (.text:sl_Start)
                  20010dd0    00000120     drivers_cc32xx.aem4 : UARTCC32XX.oem4 (.text:UARTCC32XX_close)
                  20010ef0    0000011d     HttpSocket.obj (.text:OpenTCPServerSocket)
                  2001100d    00000003     --HOLE-- [fill = 0]
                  20011010    0000011c     sflash.obj (.text:InitFile)
                  2001112c    00000004     dpl_cc32xx.aem4 : ClockP_tirtos.oem4 (.text:ClockP_setTimeout)
                  20011130    0000011c     sysbios.aem4 : BIOS.obj (.text:xdc_runtime_Startup_startMods__I)
                  2001124c    00000118     drivers_cc32xx.aem4 : PowerCC32XX.oem4 (.text:Power_sleep)
                  20011364    00000004     dpl_cc32xx.aem4 : ClockP_tirtos.oem4 (.text:ClockP_start)
                  20011368    00000118     sysbios.aem4 : BIOS.obj (.text:ti_sysbios_knl_Task_postInit__I)
                  20011480    00000116     ssock.obj (.text:Ssock_send)
                  20011596    00000002     --HOLE-- [fill = 0]
                  20011598    00000114     simplelink.a : netapp.obj (.text:_SlNetAppHandleAsync_DnsGetHostByService)
                  200116ac    00000114     rtsv7M4_T_le_eabi.lib : strtoul.obj (.text)
                  200117c0    00000110     httpserverapp.obj (.text:WebSocketRecvEventHandler)
                  200118d0    00000110     server_http_client.obj (.text:myCinHttpSendRequest)
                  200119e0    0000010c     simplelink.a : driver.obj (.text:_SlDrvMsgReadSpawnCtx)
                  20011aec    0000010c     server_http_client.obj (.text:myCinHttpVersionSetPayload)
                  20011bf8    0000010c     simplelink.a : sl_socket.obj (.text:sl_Close)
                  20011d04    00000108     network_terminal.obj (.text:Network_IF_GetScanRTResult)
                  20011e0c    00000104     simplelink.a : device.obj (.text:_SlDeviceEventHandler)
                  20011f10    00000104                  : driver.obj (.text:_SlDrvCmdOp)
                  20012014    00000104                  : driver.obj (.text:_SlDrvObjGlobalLockWaitForever)
                  20012118    00000104     hl_apconfig.obj (.text:hl_ap_config)
                  2001221c    00000104     simplelink.a : fs.obj (.text:sl_FsRead)
                  20012320    00000100                  : fs.obj (.text:sl_FsWrite)
                  20012420    000000fc     sflash.obj (.text:ReadFileFromDevice)
                  2001251c    000000fc     rtsv7M4_T_le_eabi.lib : fd_mul_t2.obj (.text)
                  20012618    000000f4     system.obj (.text:ParseString)
                  2001270c    000000f4     WebSockHandler.obj (.text:WSStatusString)
                  20012800    000000f4     sysbios.aem4 : BIOS.obj (.text:ti_sysbios_knl_Task_Instance_init__E)
                  200128f4    000000f2     drivers_cc32xx.aem4 : SPICC32XXDMA.oem4 (.text:SPICC32XXDMA_transferCancel)
                  200129e6    00000002     --HOLE-- [fill = 0]
                  200129e8    000000f0     sflash.obj (.text:WriteFileToDevice)
                  20012ad8    000000ee     drivers_cc32xx.aem4 : UARTCC32XX.oem4 (.text:UARTCC32XX_control)
                  20012bc6    000000ec     driverlib.a : shamd5.obj (.text:SHAMD5DataWriteMultiple)
                  20012cb2    00000006     dpl_cc32xx.aem4 : ClockP_tirtos.oem4 (.text:ClockP_Params_init)
                  20012cb8    000000ec     sysbios.aem4 : BIOS.obj (.text:pthread_create)
                  20012da4    000000e9     httpcli.obj (.text:HTTPCli_sendRequest)
                  20012e8d    00000003     --HOLE-- [fill = 0]
                  20012e90    000000e0     HttpSocket.obj (.text:ClientSocketSend)
                  20012f70    000000de     userconfig.obj (.text:userconfig_get)
                  2001304e    00000002     --HOLE-- [fill = 0]
                  20013050    000000d8     uart_term.obj (.text:GetCmd)
                  20013128    000000d8     HttpCore.obj (.text:HttpCore_SendPacket)
                  20013200    000000d8     HttpCore.obj (.text:HttpStatusString)
                  200132d8    000000d8     simplelink.a : netapp.obj (.text:_SlNetAppHandleAsync_NetAppReceive)
                  200133b0    000000d4     hl_apconfig.obj (.text:hl_ap_setname)
                  20013484    000000d0     drivers_cc32xx.aem4 : SPICC32XXDMA.oem4 (.text:SPICC32XXDMA_close)
                  20013554    000000d0     rtsv7M4_T_le_eabi.lib : s_scalbn.obj (.text)
                  20013624    00000004     dpl_cc32xx.aem4 : ClockP_tirtos.oem4 (.text:ClockP_stop)
                  20013628    000000d0     sysbios.aem4 : BIOS.obj (.text:ti_sysbios_heaps_HeapMem_alloc__E)
                  200136f8    000000cd     httpcli.obj (.text:httpProxyTunnel)
                  200137c5    00000003     --HOLE-- [fill = 0]
                  200137c8    000000cc     sysbios.aem4 : m3_Hwi_asm.obj (.text:ti_sysbios_family_arm_m3_Hwi_dispatch__I)
                  20013894    000000ca     url_parser.obj (.text:getValueFromKey)
                  2001395e    00000002     --HOLE-- [fill = 0]
                  20013960    000000c9     server_http_client.obj (.text:myCinHttpConnect)
                  20013a29    00000003     --HOLE-- [fill = 0]
                  20013a2c    000000c8     network_terminal.obj (.text:Network_IF_Connect2AP_static_ip)
                  20013af4    000000c8     simplelink.a : driver.obj (.text:__errno)
                  20013bbc    000000c8     jsmn.obj (.text:jsmn_parse_primitive)
                  20013c84    000000c8     drivers_cc32xx.aem4 : SPICC32XXDMA.oem4 (.text:spiHwiFxn)
                  20013d4c    000000c4                         : GPIOCC32XX.oem4 (.text:GPIO_init)
                  20013e10    000000c4     simplelink.a : driver.obj (.text:_SlDrvRemoveFromList)
                  20013ed4    00000004     dpl_cc32xx.aem4 : HwiP_tirtos.oem4 (.text:HwiP_clearInterrupt)
                  20013ed8    000000c4     sysbios.aem4 : BIOS.obj (.text:ti_sysbios_knl_Task_sleep__E)
                  20013f9c    000000c0     simplelink.a : cc_pal.obj (.text:NwpPowerOff)
                  2001405c    000000c0     drivers_cc32xx.aem4 : UARTCC32XX.oem4 (.text:UARTCC32XX_write)
                  2001411c    000000c0     simplelink.a : spawn.obj (.text:_SlInternalSpawn)
                  200141dc    000000c0                  : netcfg.obj (.text:sl_NetCfgGet)
                  2001429c    000000bc     HttpCore.obj (.text:HttpCore_CloseConnection)
                  20014358    000000bc     simplelink.a : netapp.obj (.text:_SlNetAppSendResponse)
                  20014414    000000bc                  : sl_socket.obj (.text:sl_Send)
                  200144d0    000000bc     sysbios.aem4 : BIOS.obj (.text:xdc_runtime_Core_createObject__I)
                  2001458c    000000b8     drivers_cc32xx.aem4 : UARTCC32XX.oem4 (.text:initHw)
                  20014644    000000b8                         : UARTCC32XX.oem4 (.text:readIsrTextBlocking)
                  200146fc    000000b8     httpcli.obj (.text:readLine)
                  200147b4    00000004     dpl_cc32xx.aem4 : HwiP_tirtos.oem4 (.text:HwiP_disable)
                  200147b8    000000b8     sysbios.aem4 : BIOS.obj (.text:ti_sysbios_knl_Task_exit__E)
                  20014870    000000b4     drivers_cc32xx.aem4 : UARTCC32XX.oem4 (.text:UARTCC32XX_readPolling)
                  20014924    000000b4                         : PowerCC32XX.oem4 (.text:restoreParkedPins)
                  200149d8    000000b0     HttpCore.obj (.text:HttpResponse_Content)
                  20014a88    000000b0     simplelink.a : device.obj (.text:_SlDeviceHandleAsync_InitComplete)
                  20014b38    000000b0                  : driver.obj (.text:_SlDrvHandleFatalError)
                  20014be8    000000ae     drivers_cc32xx.aem4 : UARTCC32XX.oem4 (.text:readIsrTextCallback)
                  20014c96    000000ae     userconfig.obj (.text:userconfig_set)
                  20014d44    000000ac     HttpCore.obj (.text:HttpCore_InitWebServer)
                  20014df0    000000aa     uart_term.obj (.text:Report)
                  20014e9a    000000aa     drivers_cc32xx.aem4 : UARTCC32XX.oem4 (.text:readTaskBlocking)
                  20014f44    000000a8     driverlib.a : interrupt.obj (.text:IntEnable)
                  20014fec    000000a8     network_if.obj (.text:Network_IF_IpConfigGet)
                  20015094    000000a8     drivers_cc32xx.aem4 : PowerCC32XX.oem4 (.text:PowerCC32XX_configureWakeup)
                  2001513c    000000a8     cc3200_system.obj (.text:get_mac_address)
                  200151e4    000000a8     system.obj (.text:set_wireless_config)
                  2001528c    000000a8     simplelink.a : fs.obj (.text:sl_FsClose)
                  20015334    000000a4                  : sl_socket.obj (.text:sl_Bind)
                  200153d8    000000a4     sysbios.aem4 : BIOS.obj (.text:ti_sysbios_knl_Task_setPri__E)
                  2001547c    000000a2     drivers_cc32xx.aem4 : UARTCC32XX.oem4 (.text:writeData)
                  2001551e    00000002     --HOLE-- [fill = 0]
                  20015520    000000a0     simplelink.a : fs.obj (.text:FsGetCreateFsMode)
                  200155c0    000000a0     network_terminal.obj (.text:Network_IF_Connect2AP)
                  20015660    000000a0     simplelink.a : sl_socket.obj (.text:_SlSocketHandleAsync_StartTLS)
                  20015700    000000a0     auto_init.aem4 : auto_init.oem4 (.text)
                  200157a0    0000009e     simplelink.a : cc_pal.obj (.text:spi_Read)
                  2001583e    0000009e                  : cc_pal.obj (.text:spi_Write)
                  200158dc    0000009c     driverlib.a : prcm.obj (.text:PRCMHibernateCycleTrigger)
                  20015978    0000009c     sysbios.aem4 : BIOS.obj (.text:_pthread_removeThreadKeys)
                  20015a14    0000009c     drivers_cc32xx.aem4 : SPICC32XXDMA.oem4 (.text:initHw)
                  20015ab0    0000009c     rtsv7M4_T_le_eabi.lib : memcpy_t2.obj (.text)
                  20015b4c    00000098     uart_term.obj (.text:TrimSpace)
                  20015be4    00000098     simplelink.a : netutil.obj (.text:_SlNetUtilHandleAsync_Cmd)
                  20015c7c    00000098     drivers_cc32xx.aem4 : GPIOCC32XX.oem4 (.text:powerNotifyFxn)
                  20015d14    00000004     dpl_cc32xx.aem4 : HwiP_tirtos.oem4 (.text:HwiP_disableInterrupt)
                  20015d18    00000098     sysbios.aem4 : BIOS.obj (.text:ti_sysbios_family_arm_m3_Hwi_Instance_init__E)
                  20015db0    00000094     rtsv7M4_T_le_eabi.lib : snprintf.obj (.text)
                  20015e44    00000094     simplelink.a : wlan.obj (.text:sl_WlanGetNetworkList)
                  20015ed8    00000094     sysbios.aem4 : BIOS.obj (.text:ti_sysbios_knl_Task_schedule__I)
                  20015f6c    00000092     HttpString.obj (.text:HttpString_nextDelimiter)
                  20015ffe    00000092     HttpString.obj (.text:HttpString_nextToken)
                  20016090    00000090     simplelink.a : netapp.obj (.text:_SlNetAppHandleAsync_DnsGetHostByName)
                  20016120    00000090                  : netapp.obj (.text:_SlNetAppHandleAsync_PingResponse)
                  200161b0    00000090     httpcli.obj (.text:checkContentField)
                  20016240    00000090     drivers_cc32xx.aem4 : PowerCC32XX.oem4 (.text:restoreNVICRegs)
                  200162d0    00000090     sysbios.aem4 : BIOS.obj (.text:ti_sysbios_knl_Task_Module_startup__E)
                  20016360    00000090                  : BIOS.obj (.text:ti_sysbios_knl_Task_startCore__E)
                  200163f0    0000008f     HttpSocket.obj (.text:CloseTCPServerSocket)
                  2001647f    00000001     --HOLE-- [fill = 0]
                  20016480    0000008e     HttpSocket.obj (.text:CloseTCPClientSocket)
                  2001650e    00000002     --HOLE-- [fill = 0]
                  20016510    0000008d     httpcli.obj (.text:getStatus)
                  2001659d    00000001     --HOLE-- [fill = 0]
                  2001659e    0000008c     httpcli.obj (.text:HTTPCli_readResponseBody)
                  2001662a    00000002     --HOLE-- [fill = 0]
                  2001662c    0000008c     simplelink.a : driver.obj (.text:_SlDrvDriverIsApiAllowed)
                  200166b8    0000008c     drivers_cc32xx.aem4 : UARTCC32XX.oem4 (.text:readIsrBinaryBlocking)
                  20016744    0000008c     simplelink.a : sl_socket.obj (.text:sl_Recv)
                  200167d0    0000008c     system.obj (.text:system_IsRegistered)
                  2001685c    00000088     HttpString.obj (.text:HttpString_utoa)
                  200168e4    00000088     p2p_config.obj (.text:random_char)
                  2001696c    00000088     rtsv7M4_T_le_eabi.lib : vsnprintf.obj (.text)
                  200169f4    00000004     dpl_cc32xx.aem4 : HwiP_tirtos.oem4 (.text:HwiP_enableInterrupt)
                  200169f8    00000088     sysbios.aem4 : BIOS.obj (.text:ti_sysbios_family_arm_m3_Hwi_initNVIC__E)
                  20016a80    00000088                  : BIOS.obj (.text:xdc_runtime_Memory_alloc__E)
                  20016b08    00000086     simplelink.a : driver.obj (.text:_SlDrvIsTimeoutExpired)
                  20016b8e    00000086     rtsv7M4_T_le_eabi.lib : fd_cmp_t2.obj (.text:__aeabi_cdcmple)
                  20016c14    00000086                           : fd_cmp_t2.obj (.text:__aeabi_cdrcmple)
                  20016c9a    00000002     --HOLE-- [fill = 0]
                  20016c9c    00000084     HttpCore.obj (.text:HttpCore_ResetConnection)
                  20016d20    00000084     simplelink.a : sl_socket.obj (.text:_SlSocketHandleAsync_Close)
                  20016da4    00000084                  : sl_socket.obj (.text:_SlSocketHandleAsync_Connect)
                  20016e28    00000084     sysbios.aem4 : BIOS.obj (.text:_pthread_runStub)
                  20016eac    00000084     drivers_cc32xx.aem4 : PowerCC32XX.oem4 (.text:saveNVICRegs)
                  20016f30    00000084     simplelink.a : netapp.obj (.text:sl_NetAppSet)
                  20016fb4    00000084                  : netcfg.obj (.text:sl_NetCfgSet)
                  20017038    00000084                  : sl_socket.obj (.text:sl_SetSockOpt)
                  200170bc    00000084                  : wlan.obj (.text:sl_WlanSet)
                  20017140    00000084     sysbios.aem4 : BIOS.obj (.text:ti_sysbios_family_arm_m3_Hwi_postInit__I)
                  200171c4    00000004     drivers_cc32xx.aem4 : List.oem4 (.text:List_head)
                  200171c8    00000084     sysbios.aem4 : BIOS.obj (.text:ti_sysbios_heaps_HeapMem_free__E)
                  2001724c    00000004     drivers_cc32xx.aem4 : List.oem4 (.text:List_next)
                  20017250    00000084     sysbios.aem4 : BIOS.obj (.text:xdc_runtime_Core_constructObject__I)
                  200172d4    00000082     httpserverapp.obj (.text:HttpServerAppTask)
                  20017356    00000082     system.obj (.text:escapeJsonString)
                  200173d8    00000082     network_terminal.obj (.text:write_xml_string)
                  2001745a    00000002     --HOLE-- [fill = 0]
                  2001745c    00000080     webserver.obj (.text:HandleCommand)
                  200174dc    00000080     drivers_cc32xx.aem4 : UARTCC32XX.oem4 (.text:readIsrBinaryCallback)
                  2001755c    0000007e     HttpSocket.obj (.text:CreateTCPClientSocket)
                  200175da    00000002     --HOLE-- [fill = 0]
                  200175dc    0000007c     drivers_cc32xx.aem4 : UDMACC32XX.oem4 (.text:UDMACC32XX_open)
                  20017658    0000007c     system.obj (.text:sec_string_to_num)
                  200176d4    0000007c     simplelink.a : wlan.obj (.text:sl_WlanPolicySet)
                  20017750    0000007a     drivers_cc32xx.aem4 : UARTCC32XX.oem4 (.text:readTaskCallback)
                  200177ca    0000007a     rtsv7M4_T_le_eabi.lib : memset_t2.obj (.text)
                  20017844    00000078     drivers_cc32xx.aem4 : GPIOCC32XX.oem4 (.text:GPIO_hwiIntFxn)
                  200178bc    00000078                         : PowerCC32XX.oem4 (.text:Power_init)
                  20017934    00000078     simplelink.a : sl_socket.obj (.text:sl_Socket)
                  200179ac    00000074     driverlib.a : prcm.obj (.text:PRCMRTCGet)
                  20017a20    00000074     sha1.obj (.text:SHAMD5IntHandler)
                  20017a94    00000074     drivers_cc32xx.aem4 : UARTCC32XX.oem4 (.text:UARTCC32XX_hwiIntFxn)
                  20017b08    00000074     nonos.obj (.text:_SlNonOsHandleSpawnTask)
                  20017b7c    00000004     dpl_cc32xx.aem4 : MutexP_tirtos.oem4 (.text:MutexP_lock)
                  20017b80    00000074     sysbios.aem4 : BIOS.obj (.text:xdc_runtime_Core_deleteObject__I)
                  20017bf4    00000071     p2p_config.obj (.text:char_to_hex)
                  20017c65    00000001     --HOLE-- [fill = 0]
                  20017c66    00000070     WebSockHandler.obj (.text:Payloadlength)
                  20017cd6    00000002     --HOLE-- [fill = 0]
                  20017cd8    00000070     simplelink.a : driver.obj (.text:_SlDrvSetErrno)
                  20017d48    00000070     sysbios.aem4 : BIOS.obj (.text:ti_sysbios_heaps_HeapMem_initPrimary__I)
                  20017db8    0000006e     httpcli.obj (.text:sprsend)
                  20017e26    00000002     --HOLE-- [fill = 0]
                  20017e28    0000006c     simplelink.a : device.obj (.text:_SlDeviceHandleResetRequestInternally)
                  20017e94    0000006c                  : driver.obj (.text:_SlDrvCmdSend_noLock)
                  20017f00    0000006c                  : netapp.obj (.text:_SlNetAppSendTokenValue)
                  20017f6c    0000006c     cc3200_system.obj (.text:get_uid)
                  20017fd8    0000006c     sysbios.aem4 : BIOS.obj (.text:ti_sysbios_knl_Clock_workFunc__E)
                  20018044    00000004     dpl_cc32xx.aem4 : MutexP_tirtos.oem4 (.text:MutexP_unlock)
                  20018048    0000006c     sysbios.aem4 : BIOS.obj (.text:ti_sysbios_knl_Swi_restoreHwi__E)
                  200180b4    00000069     p2p_config.obj (.text:init_seed)
                  2001811d    00000003     --HOLE-- [fill = 0]
                  20018120    00000068     simplelink.a : device.obj (.text:_SlDeviceHandleAsync_Stop)
                  20018188    00000068                  : sl_socket.obj (.text:_SlSocketHandleAsync_Accept)
                  200181f0    00000068     server_util.obj (.text:_json_get_value)
                  20018258    00000068     rtsv7M4_T_le_eabi.lib : copy_decompress_lzss.obj (.text:decompress:lzss)
                  200182c0    00000068     main_tirtos.obj (.text:main)
                  20018328    00000067     httpcli.obj (.text:HTTPCli_sendField)
                  2001838f    00000001     --HOLE-- [fill = 0]
                  20018390    00000066     driverlib.a : shamd5.obj (.text:SHAMD5ResultRead)
                  200183f6    00000066     drivers_cc32xx.aem4 : UARTCC32XX.oem4 (.text:UARTCC32XX_writeCancel)
                  2001845c    00000064                         : PowerCC32XX.oem4 (.text:PowerCC32XX_setParkState)
                  200184c0    00000064     sysbios.aem4 : BIOS.obj (.text:ti_sysbios_family_arm_m3_Hwi_dispatchC__I)
                  20018524    00000004     drivers_cc32xx.aem4 : SPICC32XXDMA.oem4 (.text:SPICC32XXDMA_init)
                  20018528    00000064     sysbios.aem4 : BIOS.obj (.text:ti_sysbios_knl_Semaphore_post__E)
                  2001858c    00000062     drivers_cc32xx.aem4 : UARTCC32XX.oem4 (.text:UARTCC32XX_writePolling)
                  200185ee    00000002     --HOLE-- [fill = 0]
                  200185f0    00000060     driverlib.a : prcm.obj (.text:PRCMSysResetCauseGet)
                  20018650    00000060     rtsv7M4_T_le_eabi.lib : sprintf.obj (.text)
                  200186b0    0000005e     ssock.obj (.text:Ssock_recv)
                  2001870e    0000005e     simplelink.a : socket.obj (.text:setsockopt)
                  2001876c    0000005d     server_http_client.obj (.text:myCinHttpVersionSetUrl)
                  200187c9    00000003     --HOLE-- [fill = 0]
                  200187cc    0000005c     drivers_cc32xx.aem4 : PowerCC32XX.oem4 (.text:Power_setDependency)
                  20018828    0000005c     rtsv7M4_T_le_eabi.lib : s_frexp.obj (.text)
                  20018884    00000004     dpl_cc32xx.aem4 : SemaphoreP_tirtos.oem4 (.text:SemaphoreP_post)
                  20018888    0000005c     sysbios.aem4 : BIOS.obj (.text:ti_sysbios_family_arm_m3_Timer_start__E)
                  200188e4    00000004     release_pem4.oem4 (.text:ti_sysbios_BIOS_RtsGateProxy_enter__E)
                  200188e8    0000005c     sysbios.aem4 : BIOS.obj (.text:ti_sysbios_knl_Swi_run__I)
                  20018944    00000004     release_pem4.oem4 (.text:ti_sysbios_BIOS_RtsGateProxy_leave__E)
                  20018948    0000005c     sysbios.aem4 : BIOS.obj (.text:ti_sysbios_knl_Swi_schedule__I)
                  200189a4    00000004     release_pem4.oem4 (.text:ti_sysbios_family_arm_m3_Hwi_delete)
                  200189a8    0000005c     sysbios.aem4 : BIOS.obj (.text:ti_sysbios_knl_Task_unblockI__E)
                  20018a04    00000004     release_pem4.oem4 (.text:ti_sysbios_family_arm_m3_TaskSupport_Module__startupDone__S)
                  20018a08    0000005c     sysbios.aem4 : BIOS.obj (.text:xdc_runtime_Startup_exec__E)
                  20018a64    00000058     drivers_cc32xx.aem4 : GPIOCC32XX.oem4 (.text:GPIO_setCallback)
                  20018abc    00000058                         : GPIOCC32XX.oem4 (.text:GPIO_write)
                  20018b14    00000058     driverlib.a : prcm.obj (.text:PRCMPeripheralReset)
                  20018b6c    00000058     drivers_cc32xx.aem4 : PowerCC32XX.oem4 (.text:Power_releaseDependency)
                  20018bc4    00000058     driverlib.a : shamd5.obj (.text:SHAMD5IntStatus)
                  20018c1c    00000058     simplelink.a : sl_socket.obj (.text:_SlDrvClearCtrlSocket)
                  20018c74    00000058     url_parser.obj (.text:command_string_2_token)
                  20018ccc    00000058     simplelink.a : sl_socket.obj (.text:sl_Listen)
                  20018d24    00000004     release_pem4.oem4 (.text:ti_sysbios_gates_GateMutex_delete)
                  20018d28    00000058     sysbios.aem4 : BIOS.obj (.text:ti_sysbios_family_arm_cc32xx_Seconds_getCount__I)
                  20018d80    00000056     HttpString.obj (.text:HttpString_strcmp)
                  20018dd6    00000002     --HOLE-- [fill = 0]
                  20018dd8    00000055     network_terminal.obj (.text:mxmlEntityGetName)
                  20018e2d    00000003     --HOLE-- [fill = 0]
                  20018e30    00000054     sha1.obj (.text:GenerateHash)
                  20018e84    00000054     uart_term.obj (.text:InitTerm)
                  20018ed8    00000054     hl_apconfig.obj (.text:hl_ap_setip)
                  20018f2c    00000054     rtsv7M4_T_le_eabi.lib : ltoa.obj (.text)
                  20018f80    00000054     release_pem4.oem4 (.text:ti_sysbios_family_arm_m3_Hwi_create)
                  20018fd4    00000004     release_pem4.oem4 (.text:ti_sysbios_heaps_HeapMem_Module_GateProxy_enter__E)
                  20018fd8    00000054     sysbios.aem4 : BIOS.obj (.text:ti_sysbios_family_arm_m3_Timer_setPeriod__E)
                  2001902c    00000004     release_pem4.oem4 (.text:ti_sysbios_heaps_HeapMem_Module_GateProxy_leave__E)
                  20019030    00000054     sysbios.aem4 : BIOS.obj (.text:xdc_runtime_Core_assignLabel__I)
                  20019084    00000052     HttpSocket.obj (.text:CreateTCPServerSocket)
                  200190d6    00000052     drivers_cc32xx.aem4 : PowerCC32XX.oem4 (.text:PowerCC32XX_parkPin)
                  20019128    00000052                         : PowerCC32XX_asm.oem4 (.text:PowerCC32XX_resumeLPDS)
                  2001917a    00000052     ssock.obj (.text:Ssock_destruct)
                  200191cc    00000050     simplelink.a : cc_pal.obj (.text:NwpRegisterInterruptHandler)
                  2001921c    00000050     driverlib.a : prcm.obj (.text:PRCMSlowClkCtrGet)
                  2001926c    00000050     simplelink.a : driver.obj (.text:_SlDrvRxIrqHandler)
                  200192bc    00000050                  : eventreg.obj (.text:_SlNetAppHttpServerHdlr)
                  2001930c    00000050                  : eventreg.obj (.text:_SlNetAppRequestHdlr)
                  2001935c    00000050     server_util.obj (.text:_jsoneq)
                  200193ac    00000050     simplelink.a : cc_pal.obj (.text:spi_Open)
                  200193fc    00000004     release_pem4.oem4 (.text:ti_sysbios_knl_Clock_TimerProxy_getMaxTicks__E)
                  20019400    00000050     sysbios.aem4 : BIOS.obj (.text:ti_sysbios_family_arm_m3_Hwi_Module_startup__E)
                  20019450    00000050     release_pem4.oem4 (.text:ti_sysbios_knl_Task_create)
                  200194a0    0000004c     drivers_cc32xx.aem4 : GPIOCC32XX.oem4 (.text:GPIO_enableInt)
                  200194ec    0000004c     simplelink.a : cc_pal.obj (.text:NwpWaitForShutDownInd)
                  20019538    0000004c     HttpCore.obj (.text:WS_SendPacket)
                  20019584    0000004c     simplelink.a : driver.obj (.text:_SlDrvCmdSend_noWait)
                  200195d0    0000004c                  : driver.obj (.text:_SlDrvProtectAsyncRespSetting)
                  2001961c    0000004c     httpcli.obj (.text:lookUpResponseFields)
                  20019668    0000004c     drivers_cc32xx.aem4 : PowerCC32XX.oem4 (.text:restorePeriphClocks)
                  200196b4    0000004c     rtsv7M4_T_le_eabi.lib : atoi.obj (.text)
                  20019700    0000004c                           : cpy_tbl.obj (.text)
                  2001974c    0000004c                           : rand.obj (.text)
                  20019798    0000004c     simplelink.a : wlan.obj (.text:sl_WlanProfileDel)
                  200197e4    0000004c                  : wlan.obj (.text:sl_WlanSetMode)
                  20019830    0000004c     httpcli.obj (.text:stringCompare)
                  2001987c    0000004c     sysbios.aem4 : m3_TaskSupport_asm.obj (.text:ti_sysbios_family_arm_m3_TaskSupport_buildTaskStack)
                  200198c8    0000004c                  : BIOS.obj (.text:ti_sysbios_heaps_HeapMem_getStats__E)
                  20019914    00000004     release_pem4.oem4 (.text:ti_sysbios_knl_Clock_TimerProxy_setPeriodMicroSecs__E)
                  20019918    0000004c     sysbios.aem4 : BIOS.obj (.text:ti_sysbios_knl_Swi_runLoop__I)
                  20019964    00000004     release_pem4.oem4 (.text:ti_sysbios_knl_Clock_TimerProxy_start__E)
                  20019968    0000004c     sysbios.aem4 : BIOS.obj (.text:ti_sysbios_knl_Task_allBlockedFunction__I)
                  200199b4    0000004a     driverlib.a : shamd5.obj (.text:SHAMD5DataWrite)
                  200199fe    00000002     --HOLE-- [fill = 0]
                  20019a00    00000048     dpl_cc32xx.aem4 : ClockP_tirtos.oem4 (.text:ClockP_create)
                  20019a48    00000048     driverlib.a : flash.obj (.text:FlashDisable)
                  20019a90    00000048     httpcli.obj (.text:HTTPCli_construct)
                  20019ad8    00000048     httpcli.obj (.text:HTTPCli_destruct)
                  20019b20    00000048     driverlib.a : prcm.obj (.text:PRCMLPDSEnter)
                  20019b68    00000048                 : prcm.obj (.text:PRCMPeripheralClkEnable)
                  20019bb0    00000048     drivers_cc32xx.aem4 : PowerCC32XX.oem4 (.text:Power_releaseConstraint)
                  20019bf8    00000048     driverlib.a : shamd5.obj (.text:SHAMD5IntDisable)
                  20019c40    00000048     simplelink.a : eventreg.obj (.text:_SlDeviceFatalErrorEvtHdlr)
                  20019c88    00000048                  : eventreg.obj (.text:_SlDeviceGeneralEvtHdlr)
                  20019cd0    00000048                  : driver.obj (.text:_SlDrvBasicCmd)
                  20019d18    00000048                  : driver.obj (.text:_SlDrvSyncObjWaitTimeout)
                  20019d60    00000048                  : eventreg.obj (.text:_SlNetAppEvtHdlr)
                  20019da8    00000048                  : eventreg.obj (.text:_SlNetAppRequestMemFree)
                  20019df0    00000048                  : eventreg.obj (.text:_SlSockEvtHdlr)
                  20019e38    00000048                  : eventreg.obj (.text:_SlWlanEvtHdlr)
                  20019e80    00000048     rtsv7M4_T_le_eabi.lib : fd_toi_t2.obj (.text)
                  20019ec8    00000048     sysbios.aem4 : BIOS.obj (.text:ti_sysbios_family_arm_m3_Hwi_disableInterrupt__E)
                  20019f10    00000048                  : BIOS.obj (.text:ti_sysbios_family_arm_m3_Hwi_enableInterrupt__E)
                  20019f58    00000048                  : m3_Hwi_asm_switch.obj (.text:ti_sysbios_family_arm_m3_Hwi_initStacks__E)
                  20019fa0    00000048                  : BIOS.obj (.text:ti_sysbios_family_arm_m3_Timer_initDevice__I)
                  20019fe8    00000048                  : BIOS.obj (.text:ti_sysbios_knl_Mailbox_Module_startup__E)
                  2001a030    00000048                  : BIOS.obj (.text:ti_sysbios_knl_Task_deleteTerminatedTasksFunc__I)
                  2001a078    00000046     drivers_cc32xx.aem4 : RingBuf.oem4 (.text:RingBuf_put)
                  2001a0be    00000046     hl_apconfig.obj (.text:hl_ap_dhcp_range)
                  2001a104    00000046     url_parser.obj (.text:parse_url)
                  2001a14a    00000006     dpl_cc32xx.aem4 : MutexP_tirtos.oem4 (.text:MutexP_Params_init)
                  2001a150    00000046     sysbios.aem4 : BIOS.obj (.text:xdc_runtime_Core_assignParams__I)
                  2001a196    00000002     --HOLE-- [fill = 0]
                  2001a198    00000044     driverlib.a : prcm.obj (.text:PRCMLPDSRestoreInfoSet)
                  2001a1dc    00000044     drivers_cc32xx.aem4 : PowerCC32XX_asm.oem4 (.text:PowerCC32XX_enterLPDS)
                  2001a220    00000044                         : SPI.oem4 (.text:SPI_init)
                  2001a264    00000044                         : UART.oem4 (.text:UART_init)
                  2001a2a8    00000044     boot.aem4 : boot.oem4 (.text)
                  2001a2ec    00000044     drivers_cc32xx.aem4 : PowerCC32XX.oem4 (.text:notify)
                  2001a330    00000044     simplelink.a : netapp.obj (.text:sl_NetAppStart)
                  2001a374    00000044                  : netapp.obj (.text:sl_NetAppStop)
                  2001a3b8    00000044     sysbios.aem4 : BIOS.obj (.text:ti_sysbios_family_arm_m3_Hwi_getStackInfo__E)
                  2001a3fc    00000004     release_pem4.oem4 (.text:ti_sysbios_knl_Clock_TimerProxy_stop__E)
                  2001a400    00000044     sysbios.aem4 : BIOS.obj (.text:ti_sysbios_knl_Mailbox_postInit__I)
                  2001a444    00000004     release_pem4.oem4 (.text:ti_sysbios_knl_Clock_delete)
                  2001a448    00000044     sysbios.aem4 : BIOS.obj (.text:ti_sysbios_knl_Swi_post__E)
                  2001a48c    00000004     release_pem4.oem4 (.text:ti_sysbios_knl_Semaphore_delete)
                  2001a490    00000044     sysbios.aem4 : BIOS.obj (.text:xdc_runtime_System_atexit__E)
                  2001a4d4    00000042     driverlib.a : shamd5.obj (.text:SHAMD5DataProcess)
                  2001a516    00000042     userconfig.obj (.text:simple_cksum)
                  2001a558    00000042     httpcli.obj (.text:skipLine)
                  2001a59a    00000042     simplelink.a : sl_socket.obj (.text:sl_Htonl)
                  2001a5dc    00000040                  : sl_socket.obj (.text:CountSetBits)
                  2001a61c    00000040     httpcli.obj (.text:HTTPCli_readRawResponseBody)
                  2001a65c    00000040     dpl_cc32xx.aem4 : HwiP_tirtos.oem4 (.text:HwiP_create)
                  2001a69c    00000040     network_if.obj (.text:InitializeAppVariables)
                  2001a6dc    00000040     driverlib.a : pin.obj (.text:PinModeSet)
                  2001a71c    00000040     drivers_cc32xx.aem4 : RingBuf.oem4 (.text:RingBuf_get)
                  2001a75c    00000040     driverlib.a : shamd5.obj (.text:SHAMD5IntEnable)
                  2001a79c    00000040     network_if.obj (.text:SimpleLinkGeneralEventHandler)
                  2001a7dc    00000040     ssock.obj (.text:Ssock_construct)
                  2001a81c    00000040     drivers_cc32xx.aem4 : UARTCC32XX.oem4 (.text:UARTCC32XX_read)
                  2001a85c    00000040                         : UDMACC32XX.oem4 (.text:UDMACC32XX_init)
                  2001a89c    00000040     simplelink.a : driver.obj (.text:_SlDrvGlobalObjUnLock)
                  2001a8dc    00000040                  : eventreg.obj (.text:_SlIsEventRegistered)
                  2001a91c    00000040     jsmn.obj (.text:jsmn_alloc_token)
                  2001a95c    00000040     rtsv7M4_T_le_eabi.lib : u_divt2.obj (.text)
                  2001a99c    00000004     release_pem4.oem4 (.text:ti_sysbios_knl_Task_delete)
                  2001a9a0    00000040     sysbios.aem4 : BIOS.obj (.text:ti_sysbios_family_arm_cc32xx_Seconds_set__E)
                  2001a9e0    00000040                  : BIOS.obj (.text:ti_sysbios_heaps_HeapMem_Instance_init__E)
                  2001aa20    0000003e     simplelink.a : sl_socket.obj (.text:_SlSocketBuildAddress)
                  2001aa5e    0000003e     release_pem4.oem4 (.text:realloc)
                  2001aa9c    0000003c     HttpCore.obj (.text:HttpResponse_AddHeaderLine)
                  2001aad8    0000003c     network_if.obj (.text:Network_IF_DisconnectFromAP)
                  2001ab14    0000003c     drivers_cc32xx.aem4 : PowerCC32XX.oem4 (.text:Power_setConstraint)
                  2001ab50    0000003c                         : SPI.oem4 (.text:SPI_open)
                  2001ab8c    0000003c     dpl_cc32xx.aem4 : SemaphoreP_tirtos.oem4 (.text:SemaphoreP_create)
                  2001abc8    0000003c     drivers_cc32xx.aem4 : UART.oem4 (.text:UART_open)
                  2001ac04    0000003c     simplelink.a : netapp.obj (.text:_SlNetAppCopyPingResultsToReport)
                  2001ac40    0000003c     dpl_cc32xx.aem4 : PowerCC32XX_tirtos.oem4 (.text:getCountsRTC)
                  2001ac7c    0000003c     simplelink.a : sl_socket.obj (.text:sl_Htons)
                  2001acb8    0000003c     sysbios.aem4 : BIOS.obj (.text:ti_sysbios_family_arm_m3_Hwi_Instance_finalize__E)
                  2001acf4    00000004     release_pem4.oem4 (.text:xdc_runtime_System_Module_GateProxy_enter__E)
                  2001acf8    0000003c     sysbios.aem4 : BIOS.obj (.text:ti_sysbios_family_arm_m3_Timer_setPeriodMicroSecs__E)
                  2001ad34    00000004     release_pem4.oem4 (.text:xdc_runtime_System_Module_GateProxy_leave__E)
                  2001ad38    0000003c     sysbios.aem4 : BIOS.obj (.text:ti_sysbios_knl_Clock_Instance_init__E)
                  2001ad74    0000003c     release_pem4.oem4 (.text:ti_sysbios_knl_Clock_create)
                  2001adb0    0000003c     sysbios.aem4 : BIOS.obj (.text:ti_sysbios_knl_Clock_walkQueuePeriodic__E)
                  2001adec    00000004     --HOLE-- [fill = 0]
                  2001adf0    0000003c                  : BIOS.obj (.text:ti_sysbios_knl_Swi_restore__E)
                  2001ae2c    00000004     --HOLE-- [fill = 0]
                  2001ae30    0000003c                  : BIOS.obj (.text:xdc_runtime_System_processAtExit__E)
                  2001ae6c    00000038     httpcli.obj (.text:HTTPCli_sendRequestBody)
                  2001aea4    00000038     driverlib.a : prcm.obj (.text:PRCMLPDSEnterKeepDebugIf)
                  2001aedc    00000038     sha1.obj (.text:SHA1)
                  2001af14    00000004     --HOLE-- [fill = 0]
                  2001af18    00000038     sysbios.aem4 : BIOS.obj (.text:clock_settime)
                  2001af50    00000038                  : BIOS.obj (.text:ti_sysbios_knl_Task_processVitalTaskFlag__I)
                  2001af88    00000038                  : BIOS.obj (.text:usleep)
                  2001afc0    00000036     drivers_cc32xx.aem4 : PowerCC32XX.oem4 (.text:PowerCC32XX_restoreParkedPin)
                  2001aff6    00000036                         : UARTCC32XX.oem4 (.text:UARTCC32XX_readCancel)
                  2001b02c    00000036     rtsv7M4_T_le_eabi.lib : strncpy.obj (.text)
                  2001b062    00000002     --HOLE-- [fill = 0]
                  2001b064    00000034     httpserverapp.obj (.text:CameraAppTask)
                  2001b098    00000034     HttpCore.obj (.text:HttpResponse_AddHeaderLineNumValue)
                  2001b0cc    00000034     HttpCore.obj (.text:HttpResponse_AddNumberToResponseHeaders)
                  2001b100    00000034     driverlib.a : pin.obj (.text:PinModeGet)
                  2001b134    00000034     drivers_cc32xx.aem4 : PowerCC32XX.oem4 (.text:PowerCC32XX_restoreParkState)
                  2001b168    00000034                         : UDMACC32XX.oem4 (.text:UDMACC32XX_close)
                  2001b19c    00000034     rtsv7M4_T_le_eabi.lib : strstr.obj (.text)
                  2001b1d0    00000034     sysbios.aem4 : BIOS.obj (.text:ti_sysbios_family_arm_m3_Timer_periodicStub__I)
                  2001b204    00000034     release_pem4.oem4 (.text:ti_sysbios_knl_Semaphore_create)
                  2001b238    00000032     sysbios.aem4 : BIOS.obj (.text:ti_sysbios_hal_Hwi_initStack)
                  2001b26a    00000006     drivers_cc32xx.aem4 : SPICC32XXDMA.oem4 (.text:SPICC32XXDMA_control)
                  2001b270    00000032     sysbios.aem4 : BIOS.obj (.text:ti_sysbios_knl_Semaphore_pendTimeout__I)
                  2001b2a2    00000002     --HOLE-- [fill = 0]
                  2001b2a4    00000031     HttpCore.obj (.text:HttpServerInitAndRun)
                  2001b2d5    00000001     --HOLE-- [fill = 0]
                  2001b2d6    00000030     httpcli.obj (.text:HTTPCli_disconnect)
                  2001b306    00000002     --HOLE-- [fill = 0]
                  2001b308    00000030     HttpCore.obj (.text:HttpResponse_AddStringToResponseHeaders)
                  2001b338    00000030     simplelink.a : driver.obj (.text:_SlDrvSyncObjWaitForever)
                  2001b368    00000030                  : fs.obj (.text:_SlFsStrlen)
                  2001b398    00000030     userconfig.obj (.text:feed_data)
                  2001b3c8    00000030     simplelink.a : socket.obj (.text:send)
                  2001b3f8    00000030     system.obj (.text:set_server_authen)
                  2001b428    00000030     release_pem4.oem4 (.text:ti_sysbios_BIOS_atExitFunc__I)
                  2001b458    00000030     release_pem4.oem4 (.text:ti_sysbios_BIOS_startFunc__I)
                  2001b488    00000030     sysbios.aem4 : BIOS.obj (.text:ti_sysbios_family_arm_m3_TaskSupport_start__E)
                  2001b4b8    00000030     release_pem4.oem4 (.text:ti_sysbios_gates_GateHwi_Object__create__S)
                  2001b4e8    00000030     release_pem4.oem4 (.text:ti_sysbios_gates_GateMutex_Object__create__S)
                  2001b518    00000030     release_pem4.oem4 (.text:ti_sysbios_gates_GateMutex_create)
                  2001b548    00000030     sysbios.aem4 : BIOS.obj (.text:ti_sysbios_gates_GateMutex_enter__E)
                  2001b578    00000030     release_pem4.oem4 (.text:ti_sysbios_heaps_HeapMem_Object__create__S)
                  2001b5a8    00000030     release_pem4.oem4 (.text:ti_sysbios_knl_Semaphore_construct)
                  2001b5d8    0000002f     system.obj (.text:mcuReboot)
                  2001b607    00000001     --HOLE-- [fill = 0]
                  2001b608    0000002e     rtsv7M4_T_le_eabi.lib : i_tofd_t2.obj (.text)
                  2001b636    0000002e                           : strncat.obj (.text)
                  2001b664    0000002e     release_pem4.oem4 (.text:ti_sysbios_rts_gnu_MemAlloc_alloc)
                  2001b692    00000002     --HOLE-- [fill = 0]
                  2001b694    0000002c     simplelink.a : cc_pal.obj (.text:NwpPowerOn)
                  2001b6c0    0000002c     drivers_cc32xx.aem4 : PowerCC32XX.oem4 (.text:PowerCC32XX_getParkState)
                  2001b6ec    0000002c     dpl_cc32xx.aem4 : SemaphoreP_tirtos.oem4 (.text:SemaphoreP_createBinary)
                  2001b718    0000002c     simplelink.a : cc_pal.obj (.text:Semaphore_create_handle)
                  2001b744    0000002c     jsmn.obj (.text:jsmn_fill_token)
                  2001b770    0000002c     simplelink.a : socket.obj (.text:recv)
                  2001b79c    0000002c     rtsv7M4_T_le_eabi.lib : strncmp.obj (.text)
                  2001b7c8    0000002c     httpcli.obj (.text:setCliState)
                  2001b7f4    0000002c     release_pem4.oem4 (.text:ti_sysbios_knl_Clock_doTick__I)
                  2001b820    0000002c     release_pem4.oem4 (.text:ti_sysbios_knl_Queue_construct)
                  2001b84c    00000004     --HOLE-- [fill = 0]
                  2001b850    0000002c     sysbios.aem4 : BIOS.obj (.text:ti_sysbios_knl_Task_restore__E)
                  2001b87c    0000002a     httpcli.obj (.text:toLowerCase)
                  2001b8a6    00000002     --HOLE-- [fill = 0]
                  2001b8a8    00000028     HttpCore.obj (.text:HttpResponse_AddCharToResponseHeaders)
                  2001b8d0    00000028     driverlib.a : prcm.obj (.text:IsRTCUsed)
                  2001b8f8    00000028                 : prcm.obj (.text:PRCMPeripheralClkDisable)
                  2001b920    00000028     dpl_cc32xx.aem4 : PowerCC32XX_tirtos.oem4 (.text:PowerCC32XX_initPolicy)
                  2001b948    00000028     drivers_cc32xx.aem4 : PowerCC32XX.oem4 (.text:Power_registerNotify)
                  2001b970    00000028     simplelink.a : driver.obj (.text:_SlDrvProtectionObjLockWaitForever)
                  2001b998    00000028                  : driver.obj (.text:_SlDrvProtectionObjUnLock)
                  2001b9c0    00000028                  : driver.obj (.text:_SlDrvUpdateApiInProgress)
                  2001b9e8    00000028                  : flowcont.obj (.text:_SlFlowContSet)
                  2001ba10    00000028                  : socket.obj (.text:connect)
                  2001ba38    00000028                  : socket.obj (.text:socket)
                  2001ba60    00000028     sysbios.aem4 : BIOS.obj (.text:ti_sysbios_knl_Clock_addI__E)
                  2001ba88    00000028                  : BIOS.obj (.text:ti_sysbios_knl_Swi_Module_startup__E)
                  2001bab0    00000028     userconfig.obj (.text:userconfig_init)
                  2001bad8    00000026     httpcli.obj (.text:HTTPCli_setRequestFields)
                  2001bafe    00000026     httpcli.obj (.text:HTTPCli_setResponseFields)
                  2001bb24    00000026     drivers_cc32xx.aem4 : List.oem4 (.text:List_put)
                  2001bb4a    00000002     --HOLE-- [fill = 0]
                  2001bb4c    00000024     HttpCore.obj (.text:HttpCloseServer)
                  2001bb70    00000024     simplelink.a : cc_pal.obj (.text:Mutex_create_handle)
                  2001bb94    00000024     driverlib.a : prcm.obj (.text:RTCU16MSecRegRead)
                  2001bbb8    00000024     HttpCore.obj (.text:WS_HandshakeHash)
                  2001bbdc    00000024     httpserverapp.obj (.text:WebSocketHandshakeEventHandler)
                  2001bc00    00000024     simplelink.a : driver.obj (.text:_SlDrvIsApiInProgress)
                  2001bc24    00000024                  : driver.obj (.text:_SlDrvStartMeasureTimeout)
                  2001bc48    00000024     url_parser.obj (.text:endString)
                  2001bc6c    00000004     --HOLE-- [fill = 0]
                  2001bc70    00000024     sysbios.aem4 : BIOS.obj (.text:pthread_attr_init)
                  2001bc94    00000024     rtsv7M4_T_le_eabi.lib : memcmp.obj (.text)
                  2001bcb8    00000024                           : memmov.obj (.text)
                  2001bcdc    00000024     simplelink.a : wlan.obj (.text:sl_WlanDisconnect)
                  2001bd00    00000024     release_pem4.oem4 (.text:ti_sysbios_BIOS_registerRTSLock__I)
                  2001bd24    00000024     release_pem4.oem4 (.text:ti_sysbios_BIOS_removeRTSLock__I)
                  2001bd48    00000024     sysbios.aem4 : BIOS.obj (.text:ti_sysbios_family_arm_m3_Timer_Module_startup__E)
                  2001bd6c    00000004     --HOLE-- [fill = 0]
                  2001bd70    00000024                  : BIOS.obj (.text:ti_sysbios_family_arm_m3_Timer_postInit__I)
                  2001bd94    00000004     --HOLE-- [fill = 0]
                  2001bd98    00000024                  : BIOS.obj (.text:ti_sysbios_family_arm_m3_Timer_startup__E)
                  2001bdbc    00000024     release_pem4.oem4 (.text:ti_sysbios_gates_GateMutex_Object__delete__S)
                  2001bde0    00000024     sysbios.aem4 : BIOS.obj (.text:ti_sysbios_knl_Clock_Module_startup__E)
                  2001be04    00000024     release_pem4.oem4 (.text:ti_sysbios_knl_Clock_Object__delete__S)
                  2001be28    00000024     sysbios.aem4 : BIOS.obj (.text:ti_sysbios_knl_Clock_start__E)
                  2001be4c    00000004     --HOLE-- [fill = 0]
                  2001be50    00000024                  : BIOS.obj (.text:ti_sysbios_knl_Semaphore_Instance_init__E)
                  2001be74    00000024     release_pem4.oem4 (.text:ti_sysbios_knl_Semaphore_Object__delete__S)
                  2001be98    00000024     sysbios.aem4 : BIOS.obj (.text:ti_sysbios_knl_Task_restoreHwi__E)
                  2001bebc    00000024     userconfig.obj (.text:userconfig_flash_read)
                  2001bee0    00000024     userconfig.obj (.text:userconfig_flash_write)
                  2001bf04    00000004     --HOLE-- [fill = 0]
                  2001bf08    00000024     sysbios.aem4 : BIOS.obj (.text:xdc_runtime_Error_policyMin__E)
                  2001bf2c    00000023     system.obj (.text:uart_print_config_log)
                  2001bf4f    00000001     --HOLE-- [fill = 0]
                  2001bf50    00000022     HttpDebug.obj (.text:HttpAssert)
                  2001bf72    00000002     --HOLE-- [fill = 0]
                  2001bf74    00000020     driverlib.a : interrupt.obj (.text:IntRegister)
                  2001bf94    00000020     drivers_cc32xx.aem4 : PowerCC32XX.oem4 (.text:Power_unregisterNotify)
                  2001bfb4    00000020                         : RingBuf.oem4 (.text:RingBuf_peek)
                  2001bfd4    00000020     simplelink.a : driver.obj (.text:_SlDrvObjLockWaitForever)
                  2001bff4    00000020                  : driver.obj (.text:_SlDrvObjUnLock)
                  2001c014    00000020     drivers_cc32xx.aem4 : SPICC32XXDMA.oem4 (.text:getPowerMgrId)
                  2001c034    00000020                         : UARTCC32XX.oem4 (.text:getPowerMgrId)
                  2001c054    00000020     rtsv7M4_T_le_eabi.lib : memchr.obj (.text)
                  2001c074    00000004     --HOLE-- [fill = 0]
                  2001c078    00000020     sysbios.aem4 : BIOS.obj (.text:sleep)
                  2001c098    00000020     release_pem4.oem4 (.text:ti_sysbios_BIOS_rtsLock__I)
                  2001c0b8    00000020     release_pem4.oem4 (.text:ti_sysbios_family_arm_m3_Hwi_Object__delete__S)
                  2001c0d8    00000020     sysbios.aem4 : BIOS.obj (.text:ti_sysbios_family_arm_m3_Hwi_clearInterrupt__E)
                  2001c0f8    00000020                  : m3_Hwi_asm.obj (.text:ti_sysbios_family_arm_m3_Hwi_excHandlerAsm__I)
                  2001c118    00000020                  : BIOS.obj (.text:ti_sysbios_family_arm_m3_Hwi_excHandler__I)
                  2001c138    00000020     release_pem4.oem4 (.text:ti_sysbios_gates_GateHwi_Object__delete__S)
                  2001c158    00000020     release_pem4.oem4 (.text:ti_sysbios_heaps_HeapMem_Object__delete__S)
                  2001c178    00000020     sysbios.aem4 : BIOS.obj (.text:ti_sysbios_knl_Idle_run__E)
                  2001c198    00000020     release_pem4.oem4 (.text:ti_sysbios_knl_Semaphore_destruct)
                  2001c1b8    00000020     release_pem4.oem4 (.text:ti_sysbios_knl_Task_Object__delete__S)
                  2001c1d8    0000001e     simplelink.a : driver.obj (.text:_SlDrvSyncObjSignal)
                  2001c1f6    0000001e     userconfig.obj (.text:feed_len)
                  2001c214    0000001e     jsmn.obj (.text:jsmn_init)
                  2001c232    0000001e     drivers_cc32xx.aem4 : UDMACC32XX.oem4 (.text:postNotifyFxn)
                  2001c250    0000001e     rtsv7M4_T_le_eabi.lib : strcat.obj (.text)
                  2001c26e    0000001e     sysbios.aem4 : m3_Hwi_asm_switch.obj (.text:ti_sysbios_family_xxx_Hwi_switchAndRunFunc)
                  2001c28c    0000001e     httpcli.obj (.text:xvsnprintf)
                  2001c2aa    0000001c     httpcli.obj (.text:HTTPCli_getResponseStatus)
                  2001c2c6    00000002     --HOLE-- [fill = 0]
                  2001c2c8    0000001c     uart_term.obj (.text:Message)
                  2001c2e4    0000001c     driverlib.a : pin.obj (.text:PinToPadGet)
                  2001c300    0000001c     simplelink.a : device.obj (.text:_SlDeviceGetStartResponseConvert)
                  2001c31c    0000001c     httpcli.obj (.text:isValidSocket)
                  2001c338    0000001c     simplelink.a : socket.obj (.text:listen)
                  2001c354    0000001c     userconfig.obj (.text:need_checksum)
                  2001c370    0000001c     rtsv7M4_T_le_eabi.lib : memccpy.obj (.text)
                  2001c38c    00000004     --HOLE-- [fill = 0]
                  2001c390    0000001c     sysbios.aem4 : BIOS.obj (.text:ti_sysbios_family_arm_m3_Timer_stop__E)
                  2001c3ac    00000004     --HOLE-- [fill = 0]
                  2001c3b0    0000001c                  : BIOS.obj (.text:ti_sysbios_gates_GateMutex_Instance_init__E)
                  2001c3cc    00000004     --HOLE-- [fill = 0]
                  2001c3d0    0000001c                  : BIOS.obj (.text:ti_sysbios_knl_Clock_Instance_finalize__E)
                  2001c3ec    0000001c     release_pem4.oem4 (.text:ti_sysbios_knl_Queue_destruct)
                  2001c408    0000001c     sysbios.aem4 : BIOS.obj (.text:ti_sysbios_knl_Queue_put__E)
                  2001c424    00000004     --HOLE-- [fill = 0]
                  2001c428    0000001c                  : BIOS.obj (.text:ti_sysbios_knl_Task_enter__I)
                  2001c444    0000001a     httpcli.obj (.text:getCliState)
                  2001c45e    0000001a     sysbios.aem4 : m3_Hwi_asm.obj (.text:ti_sysbios_family_arm_m3_Hwi_pendSV__I)
                  2001c478    0000001a                  : BIOS.obj (.text:ti_sysbios_knl_Task_sleepTimeout__I)
                  2001c492    00000002     --HOLE-- [fill = 0]
                  2001c494    00000018     dpl_cc32xx.aem4 : ClockP_tirtos.oem4 (.text:ClockP_sleep)
                  2001c4ac    00000018     HttpString.obj (.text:HttpString_atou)
                  2001c4c4    00000018     drivers_cc32xx.aem4 : PowerCC32XX.oem4 (.text:Power_idleFunc)
                  2001c4dc    00000018     driverlib.a : uart.obj (.text:UARTBusy)
                  2001c4f4    00000018                 : uart.obj (.text:UARTIntEnable)
                  2001c50c    00000018     drivers_cc32xx.aem4 : UART.oem4 (.text:UART_Params_init)
                  2001c524    00000018     system.obj (.text:cam_settings_update)
                  2001c53c    00000018     release_pem4.oem4 (.text:free)
                  2001c554    00000018     rtsv7M4_T_le_eabi.lib : args_main.obj (.text)
                  2001c56c    00000018                           : ll_mul_t2.obj (.text)
                  2001c584    00000018                           : strcmp.obj (.text)
                  2001c59c    00000018     release_pem4.oem4 (.text:ti_sysbios_BIOS_rtsUnlock__I)
                  2001c5b4    00000018     release_pem4.oem4 (.text:ti_sysbios_family_arm_m3_Hwi_Module__startupDone__F)
                  2001c5cc    00000018     release_pem4.oem4 (.text:ti_sysbios_family_arm_m3_Timer_Module__startupDone__F)
                  2001c5e4    00000018     release_pem4.oem4 (.text:ti_sysbios_gates_GateHwi_Handle__label__S)
                  2001c5fc    00000018     release_pem4.oem4 (.text:ti_sysbios_gates_GateMutex_Handle__label__S)
                  2001c614    00000004     --HOLE-- [fill = 0]
                  2001c618    00000018     sysbios.aem4 : BIOS.obj (.text:ti_sysbios_gates_GateMutex_leave__E)
                  2001c630    00000018     release_pem4.oem4 (.text:ti_sysbios_heaps_HeapMem_Handle__label__S)
                  2001c648    00000018     sysbios.aem4 : BIOS.obj (.text:ti_sysbios_rts_ti_ReentSupport_getReent__F)
                  2001c660    00000018     release_pem4.oem4 (.text:ti_sysbios_rts_ti_ReentSupport_getTlsAddr__I)
                  2001c678    00000018     sysbios.aem4 : BIOS.obj (.text:xdc_runtime_Error_init__E)
                  2001c690    00000018                  : BIOS.obj (.text:xdc_runtime_System_exit__E)
                  2001c6a8    00000016     drivers_cc32xx.aem4 : List.oem4 (.text:List_remove)
                  2001c6be    00000016     driverlib.a : prcm.obj (.text:PRCMHIBRegRead)
                  2001c6d4    00000016                 : prcm.obj (.text:PRCMHIBRegWrite)
                  2001c6ea    00000016                 : shamd5.obj (.text:SHAMD5IntRegister)
                  2001c700    00000016     simplelink.a : driver.obj (.text:_SlDrvMemZero)
                  2001c716    00000016     httpcli.obj (.text:close)
                  2001c72c    00000016     rtsv7M4_T_le_eabi.lib : strchr.obj (.text)
                  2001c742    00000016     release_pem4.oem4 (.text:ti_sysbios_BIOS_exitFunc__I)
                  2001c758    00000014     dpl_cc32xx.aem4 : ClockP_tirtos.oem4 (.text:ClockP_usleep)
                  2001c76c    00000014     drivers_cc32xx.aem4 : PowerCC32XX.oem4 (.text:Power_getDependencyCount)
                  2001c780    00000014                         : SPI.oem4 (.text:SPI_Params_init)
                  2001c794    00000014     server_http_client.obj (.text:myCinHttpClose)
                  2001c7a8    00000014     sysbios.aem4 : BIOS.obj (.text:pthread_attr_setschedparam)
                  2001c7bc    00000014     drivers_cc32xx.aem4 : UARTCC32XX.oem4 (.text:releasePowerConstraint)
                  2001c7d0    00000014     rtsv7M4_T_le_eabi.lib : _lock.obj (.text)
                  2001c7e4    00000014                           : strcpy.obj (.text)
                  2001c7f8    00000014                           : strlen.obj (.text)
                  2001c80c    00000014     release_pem4.oem4 (.text:ti_sysbios_family_arm_m3_Hwi_Object__get__S)
                  2001c820    00000014     sysbios.aem4 : BIOS.obj (.text:ti_sysbios_family_arm_m3_Hwi_switchFromBootStack__E)
                  2001c834    00000014     release_pem4.oem4 (.text:ti_sysbios_heaps_HeapMem_Object__get__S)
                  2001c848    00000014     sysbios.aem4 : BIOS.obj (.text:ti_sysbios_knl_Clock_tickReconfig__E)
                  2001c85c    00000014     release_pem4.oem4 (.text:ti_sysbios_knl_Swi_Object__get__S)
                  2001c870    00000014     release_pem4.oem4 (.text:ti_sysbios_knl_Task_Object__first__S)
                  2001c884    00000014     release_pem4.oem4 (.text:ti_sysbios_knl_Task_Object__next__S)
                  2001c898    00000012     drivers_cc32xx.aem4 : RingBuf.oem4 (.text:RingBuf_construct)
                  2001c8aa    00000012     driverlib.a : shamd5.obj (.text:SHAMD5DataLengthSet)
                  2001c8bc    00000012     dpl_cc32xx.aem4 : SemaphoreP_tirtos.oem4 (.text:SemaphoreP_pend)
                  2001c8ce    00000002     --HOLE-- [fill = 0]
                  2001c8d0    00000012     sysbios.aem4 : BIOS.obj (.text:ti_sysbios_hal_Hwi_Module_startup__E)
                  2001c8e2    00000012     release_pem4.oem4 (.text:xdc_runtime_Startup_exec__I)
                  2001c8f4    00000010     dpl_cc32xx.aem4 : HwiP_tirtos.oem4 (.text:HwiP_Params_init)
                  2001c904    00000010     simplelink.a : cc_pal.obj (.text:MutexP_delete_handle)
                  2001c914    00000010                  : cc_pal.obj (.text:Mutex_unlock)
                  2001c924    00000010     driverlib.a : prcm.obj (.text:RTCU32SecRegRead)
                  2001c934    00000010     simplelink.a : cc_pal.obj (.text:SemaphoreP_delete_handle)
                  2001c944    00000010                  : cc_pal.obj (.text:SemaphoreP_post_handle)
                  2001c954    00000010                  : driver.obj (.text:_SlDrvDispatchHttpServerEvents)
                  2001c964    00000010                  : driver.obj (.text:_SlDrvDispatchNetAppRequestEvents)
                  2001c974    00000010     CC3220S_LAUNCHXL.obj (.text:dmaErrorFxn)
                  2001c984    00000010     drivers_cc32xx.aem4 : UARTCC32XX.oem4 (.text:readBlockingTimeout)
                  2001c994    00000010     rtsv7M4_T_le_eabi.lib : isspace.obj (.text)
                  2001c9a4    00000010                           : isxdigit.obj (.text)
                  2001c9b4    00000010                           : tolower.obj (.text)
                  2001c9c4    00000010                           : toupper.obj (.text)
                  2001c9d4    00000004     --HOLE-- [fill = 0]
                  2001c9d8    00000010     sysbios.aem4 : BIOS.obj (.text:ti_sysbios_BIOS_getCpuFreq__E)
                  2001c9e8    00000010                  : BIOS.obj (.text:ti_sysbios_BIOS_setThreadType__E)
                  2001c9f8    00000010                  : BIOS.obj (.text:ti_sysbios_BIOS_start__E)
                  2001ca08    00000010                  : m3_TaskSupport_asm.obj (.text:ti_sysbios_family_arm_m3_TaskSupport_glue)
                  2001ca18    00000010                  : m3_TaskSupport_asm.obj (.text:ti_sysbios_family_arm_m3_TaskSupport_swap__E)
                  2001ca28    00000010                  : BIOS.obj (.text:ti_sysbios_gates_GateMutex_Instance_finalize__E)
                  2001ca38    00000010     release_pem4.oem4 (.text:ti_sysbios_knl_Mailbox_Object__get__S)
                  2001ca48    00000010     sysbios.aem4 : BIOS.obj (.text:ti_sysbios_knl_Semaphore_Instance_finalize__E)
                  2001ca58    00000010                  : BIOS.obj (.text:ti_sysbios_knl_Swi_disable__E)
                  2001ca68    00000010     release_pem4.oem4 (.text:ti_sysbios_knl_Task_Object__get__S)
                  2001ca78    00000010     sysbios.aem4 : BIOS.obj (.text:ti_sysbios_knl_Task_disable__E)
                  2001ca88    00000010     httpcli.obj (.text:xassert)
                  2001ca98    00000010     sysbios.aem4 : BIOS.obj (.text:xdc_runtime_Memory_free__E)
                  2001caa8    00000010                  : BIOS.obj (.text:xdc_runtime_SysCallback_abort__E)
                  2001cab8    00000010                  : BIOS.obj (.text:xdc_runtime_SysCallback_exit__E)
                  2001cac8    0000000e     simplelink.a : cc_pal.obj (.text:Mutex_lock)
                  2001cad6    0000000e     ssock.obj (.text:Ssock_getSocket)
                  2001cae4    0000000e     simplelink.a : driver.obj (.text:_SlDrvResetCmdExt)
                  2001caf2    0000000e     rtsv7M4_T_le_eabi.lib : copy_decompress_none.obj (.text:decompress:none)
                  2001cb00    0000000e     drivers_cc32xx.aem4 : SPICC32XXDMA.oem4 (.text:postNotifyFxn)
                  2001cb0e    00000002     --HOLE-- [fill = 0]
                  2001cb10    0000000e     sysbios.aem4 : BIOS.obj (.text:pthread_attr_setdetachstate)
                  2001cb1e    0000000e     simplelink.a : cc_pal.obj (.text:spi_Close)
                  2001cb2c    0000000e     httpcli.obj (.text:startSecureMode)
                  2001cb3a    00000006     driverlib.a : utils.obj (.text:UtilsDelay)
                  2001cb40    0000000e     sysbios.aem4 : BIOS.obj (.text:ti_sysbios_knl_Idle_loop__E)
                  2001cb4e    00000002     --HOLE-- [fill = 0]
                  2001cb50    0000000e                  : BIOS.obj (.text:ti_sysbios_knl_Queue_empty__E)
                  2001cb5e    0000000c     CC3220S_LAUNCHXL.obj (.text:CC3220S_LAUNCHXL_initGeneral)
                  2001cb6a    0000000c     dpl_cc32xx.aem4 : ClockP_tirtos.oem4 (.text:ClockP_delete)
                  2001cb76    0000000c                     : HwiP_tirtos.oem4 (.text:HwiP_delete)
                  2001cb82    00000002     --HOLE-- [fill = 0]
                  2001cb84    0000000c                     : MutexP_tirtos.oem4 (.text:MutexP_create)
                  2001cb90    0000000c                     : MutexP_tirtos.oem4 (.text:MutexP_delete)
                  2001cb9c    0000000c     simplelink.a : cc_pal.obj (.text:NwpMaskInterrupt)
                  2001cba8    0000000c                  : cc_pal.obj (.text:NwpUnMaskInterrupt)
                  2001cbb4    0000000c     drivers_cc32xx.aem4 : PowerCC32XX.oem4 (.text:Power_getConstraintMask)
                  2001cbc0    0000000c     dpl_cc32xx.aem4 : SemaphoreP_tirtos.oem4 (.text:SemaphoreP_delete)
                  2001cbcc    0000000c     network_if.obj (.text:SimpleLinkHttpServerEventHandler)
                  2001cbd8    0000000c     network_if.obj (.text:SimpleLinkNetAppRequestEventHandler)
                  2001cbe4    0000000c     httpserverapp.obj (.text:WebSocketCloseSessionHandler)
                  2001cbf0    0000000c     simplelink.a : device.obj (.text:_SlDeviceResetRequestInitCompletedCB)
                  2001cbfc    0000000c     rtsv7M4_T_le_eabi.lib : copy_zero_init.obj (.text:decompress:ZI)
                  2001cc08    0000000c     drivers_cc32xx.aem4 : UARTCC32XX.oem4 (.text:postNotifyFxn)
                  2001cc14    00000004     --HOLE-- [fill = 0]
                  2001cc18    0000000c     sysbios.aem4 : BIOS.obj (.text:pthread_self)
                  2001cc24    0000000c     release_pem4.oem4 (.text:ti_sysbios_family_arm_m3_Hwi_Params__init__S)
                  2001cc30    0000000c     sysbios.aem4 : BIOS.obj (.text:ti_sysbios_family_arm_m3_Hwi_disableFxn__E)
                  2001cc3c    00000004     --HOLE-- [fill = 0]
                  2001cc40    0000000c                  : BIOS.obj (.text:ti_sysbios_family_arm_m3_TaskSupport_getStackAlignment__E)
                  2001cc4c    00000004     --HOLE-- [fill = 0]
                  2001cc50    0000000c                  : BIOS.obj (.text:ti_sysbios_gates_GateHwi_enter__E)
                  2001cc5c    0000000c     release_pem4.oem4 (.text:ti_sysbios_knl_Clock_Params__init__S)
                  2001cc68    0000000c     sysbios.aem4 : BIOS.obj (.text:ti_sysbios_knl_Clock_getTicks__E)
                  2001cc74    00000004     --HOLE-- [fill = 0]
                  2001cc78    0000000c                  : BIOS.obj (.text:ti_sysbios_knl_Clock_setTicks__E)
                  2001cc84    00000004     --HOLE-- [fill = 0]
                  2001cc88    0000000c                  : BIOS.obj (.text:ti_sysbios_knl_Clock_tickStart__E)
                  2001cc94    00000004     --HOLE-- [fill = 0]
                  2001cc98    0000000c                  : BIOS.obj (.text:ti_sysbios_knl_Clock_tickStop__E)
                  2001cca4    0000000c     release_pem4.oem4 (.text:ti_sysbios_knl_Queue_Object__get__S)
                  2001ccb0    0000000c     release_pem4.oem4 (.text:ti_sysbios_knl_Semaphore_Params__init__S)
                  2001ccbc    0000000c     release_pem4.oem4 (.text:ti_sysbios_knl_Task_Params__init__S)
                  2001ccc8    0000000c     sysbios.aem4 : BIOS.obj (.text:ti_sysbios_knl_Task_self__E)
                  2001ccd4    00000004     --HOLE-- [fill = 0]
                  2001ccd8    0000000c                  : BIOS.obj (.text:ti_sysbios_rts_ti_ReentSupport_taskRegHook__I)
                  2001cce4    0000000c     driverlib.a : udma.obj (.text:uDMAErrorStatusClear)
                  2001ccf0    0000000c                 : udma.obj (.text:uDMAErrorStatusGet)
                  2001ccfc    00000004     --HOLE-- [fill = 0]
                  2001cd00    0000000c     sysbios.aem4 : BIOS.obj (.text:xdc_runtime_Startup_rtsDone__E)
                  2001cd0c    0000000c     ssock.obj (.text:xfree)
                  2001cd18    0000000c     ssock.obj (.text:xmalloc)
                  2001cd24    0000000a     drivers_cc32xx.aem4 : List.oem4 (.text:List_empty)
                  2001cd2e    0000000a                         : SPI.oem4 (.text:SPI_close)
                  2001cd38    0000000a                         : SPI.oem4 (.text:SPI_transfer)
                  2001cd42    0000000a     network_if.obj (.text:SimpleLinkNetAppRequestMemFreeEventHandler)
                  2001cd4c    0000000a     drivers_cc32xx.aem4 : UART.oem4 (.text:UART_control)
                  2001cd56    0000000a                         : UART.oem4 (.text:UART_readPolling)
                  2001cd60    0000000a                         : UART.oem4 (.text:UART_writePolling)
                  2001cd6a    0000000a     simplelink.a : device.obj (.text:sl_Task)
                  2001cd74    0000000a     release_pem4.oem4 (.text:xdc_runtime_IHeap_alloc)
                  2001cd7e    0000000a     release_pem4.oem4 (.text:xdc_runtime_IHeap_free)
                  2001cd88    00000008     dpl_cc32xx.aem4 : SemaphoreP_tirtos.oem4 (.text:SemaphoreP_Params_init)
                  2001cd90    00000008     simplelink.a : cc_pal.obj (.text:TimerGetCurrentTimestamp)
                  2001cd98    00000008     drivers_cc32xx.aem4 : SPICC32XXDMA.oem4 (.text:blockingTransferCallback)
                  2001cda0    00000008     userconfig.obj (.text:get_userconfig_pointer)
                  2001cda8    00000008     sysbios.aem4 : BIOS.obj (.text:pthread_attr_setstacksize)
                  2001cdb0    00000008     drivers_cc32xx.aem4 : UARTCC32XX.oem4 (.text:readSemCallback)
                  2001cdb8    00000008     rtsv7M4_T_le_eabi.lib : s_copysign.obj (.text)
                  2001cdc0    00000008     sysbios.aem4 : BIOS.obj (.text:ti_sysbios_family_arm_m3_Hwi_doSwiRestore__I)
                  2001cdc8    00000008                  : BIOS.obj (.text:ti_sysbios_family_arm_m3_Hwi_startup__E)
                  2001cdd0    00000008     drivers_cc32xx.aem4 : UARTCC32XX.oem4 (.text:writeSemCallback)
                  2001cdd8    00000006     userconfig.obj (.text:get_userconfig_size)
                  2001cdde    00000002     --HOLE-- [fill = 0]
                  2001cde0    00000006     sysbios.aem4 : BIOS.obj (.text:ti_sysbios_family_arm_m3_Hwi_doTaskRestore__I)
                  2001cde6    00000002     --HOLE-- [fill = 0]
                  2001cde8    00000006                  : BIOS.obj (.text:ti_sysbios_family_arm_m3_Hwi_restoreFxn__E)
                  2001cdee    00000002     --HOLE-- [fill = 0]
                  2001cdf0    00000006                  : BIOS.obj (.text:ti_sysbios_gates_GateHwi_leave__E)
                  2001cdf6    00000002     --HOLE-- [fill = 0]
                  2001cdf8    00000006                  : BIOS.obj (.text:ti_sysbios_heaps_HeapMem_isBlocking__E)
                  2001cdfe    00000002     --HOLE-- [fill = 0]
                  2001ce00    00000006                  : BIOS.obj (.text:ti_sysbios_knl_Clock_stop__E)
                  2001ce06    00000002     --HOLE-- [fill = 0]
                  2001ce08    00000006                  : BIOS.obj (.text:ti_sysbios_knl_Queue_Instance_init__E)
                  2001ce0e    00000002     --HOLE-- [fill = 0]
                  2001ce10    00000006                  : BIOS.obj (.text:ti_sysbios_knl_Swi_startup__E)
                  2001ce16    00000002     --HOLE-- [fill = 0]
                  2001ce18    00000006                  : BIOS.obj (.text:xdc_runtime_System_Module_startup__E)
                  2001ce1e    00000002     --HOLE-- [fill = 0]
                  2001ce20    00000004                  : BIOS.obj (.text:ti_sysbios_family_arm_m3_Timer_getMaxTicks__E)
                  2001ce24    00000004     --HOLE-- [fill = 0]
                  2001ce28    00000004                  : BIOS.obj (.text:ti_sysbios_gates_GateHwi_query__E)
                  2001ce2c    00000004     --HOLE-- [fill = 0]
                  2001ce30    00000004                  : BIOS.obj (.text:ti_sysbios_gates_GateMutex_query__E)
                  2001ce34    00000004     --HOLE-- [fill = 0]
                  2001ce38    00000004                  : BIOS.obj (.text:ti_sysbios_knl_Clock_setTimeout__E)
[...]
20029158  MYCIN_API_HOST_NAME                                             
20029180  MYCIN_HOST_NAME                                                 
200291a8  SERVER_URL                                                      
200291d0  ps_url                                                          
200291f8  relay_url_ch                                                    
20029220  WS_MAGIC_STRING                                                 
20029245  HTTP_HEADER_DELIMITER                                           
20029248  g_LibsEvents                                                    
2002926c  g_UserEvents                                                    
20029290  ti_sysbios_BIOS_Module__state__V                                
200292b4  p2p_key_hex                                                     
200292d5  ap_pass                                                         
200292f5  ap_ssid                                                         
20029315  HTTP_STATUS_OK_STR                                              
20029338  timeZone                                                        
20029358  xdc_runtime_Error_IgnoreBlock                                   
20029378  ti_sysbios_knl_Swi_Module__state__V                             
20029394  WS_EXTENSION                                                    
200293c6  p2p_rn_hex                                                      
200293df  WS_STATUS_ERROR_UNEXPECTED_STR                                  
200293f8  g_success                                                       
200293fc  g_close                                                         
20029400  g_iCameraTaskHdl                                                
20029404  gHTTP                                                           
20029408  g_ucProvisioningDone                                            
2002940c  system_state                                                    
20029410  ps_port                                                         
20029414  pl_port                                                         
20029418  pr_port                                                         
2002941c  my_pr_port                                                      
20029420  my_pl_port                                                      
20029424  ps_ssl_port                                                     
20029428  ti_sysbios_family_arm_m3_Hwi_Object__table__V                   
20029440  ti_sysbios_heaps_HeapMem_Object__table__V                       
20029458  WS_STATUS_ERROR_DATATYPE_STR                                    
2002946f  HTTP_STATUS_ERROR_INTERNAL_STR                                  
20029485  WS_VERSION_REQUEST                                              
2002949b  WS_ACCEPT                                                       
200294b0  WS_STATUS_ERROR_ENCODING_STR                                    
200294c5  cam_settings                                                    
200294d9  ps_ip                                                           
200294ed  HTTP_STATUS_REDIRECT_PERMANENT_STR                              
200294ff  HTTP_STATUS_REDIRECT_TEMPORARY_STR                              
20029511  WS_KEY_REQUEST                                                  
20029523  HTTP_CONTENT_ENCODING                                           
20029534  p2p_key_char                                                    
20029545  HTTP_ACCEPT_ENCODING                                            
20029555  g_local_ip                                                      
20029576  HTTP_CONTENT_LENGTH                                             
20029585  WS_STATUS_ERROR_OVERFLOW_STR                                    
20029594  WS_STATUS_ERROR_PROTOCOL_STR                                    
200295a3  HTTP_AUTHORIZATION                                              
200295b1  WS_CACHE_CONTROL                                                
200295bf  HTTP_CONTENT_TYPE                                               
200295cc  HTTP_STATUS_ERROR_NOT_ACCEPTED_STR                              
200295d9  HTTP_STATUS_ERROR_UNAUTHORIZED_STR                              
200295f3  g_strMacAddr                                                    
20029600  p2p_rn_char                                                     
2002960d  WS_STATUS_GOING_AWAY_STR                                        
20029619  WS_STATUS_OK_STR                                                
2002961c  gpioPinConfigs                                                  
20029628  g_ulStaIp                                                       
2002962c  g_ulGatewayIP                                                   
20029630  g_ulStatus                                                      
20029634  gGlobalLockCntRequested                                         
20029635  gGlobalLockCntReleased                                          
20029636  g_SlDeviceStatus                                                
20029638  g_pCB                                                           
2002963c  pPingCallBackFunc                                               
20029640  ti_sysbios_family_arm_m3_Timer_Module__state__V                 
2002964c  HTTP_CONNECTION_CLOSE                                           
20029657  WS_CONNECTION                                                   
20029662  digits                                                          
2002966d  HTTP_STATUS_ERROR_NOT_FOUND_STR                                 
20029678  WS_ORIGIN_NAME                                                  
2002967c  httpServerOn                                                    
20029682  WS_WEBSOCKET                                                    
2002968c  HTTP_LOCATION                                                   
20029695  HTTP_VERSION_1P0                                                
2002969e  HTTP_VERSION_1P1                                                
200296b1  g_version_8char                                                 
200296bc  _lock                                                           
200296c0  _unlock                                                         
200296c4  WS_UPGRADE                                                      
200296cc  ap_sec                                                          
200296dc  gpioCallbackFunctions                                           
200296e4  gSpawn_thread                                                   
200296e8  gHTTP_thread                                                    
200296f4  str_ps_port                                                     
200296fc  timezone_s                                                      
20029700  cam_mode                                                        
20029704  ti_sysbios_family_arm_cc32xx_Seconds_Module__state__V           
2002970c  ti_sysbios_family_arm_m3_Hwi_Module__root__V                    
20029714  ti_sysbios_gates_GateHwi_Module__root__V                        
2002971c  ti_sysbios_gates_GateMutex_Module__root__V                      
20029724  ti_sysbios_heaps_HeapMem_Module__root__V                        
2002972c  ti_sysbios_knl_Clock_Module__root__V                            
20029734  ti_sysbios_knl_Queue_Module__root__V                            
2002973c  ti_sysbios_knl_Semaphore_Module__root__V                        
20029744  ti_sysbios_knl_Task_Module__root__V                             
2002974c  xdc_runtime_Startup_Module__state__V                            
20029754  xdc_runtime_System_Module_State_0_atexitHandlers__A             
2002975c  xdc_runtime_System_Module__state__V                             
20029764  WS_ORIGIN                                                       
2002976b  WS_PRAGMA                                                       
20029772  ak_version                                                      
20029779  HTTP_CLOSE                                                      
2002977f  HTTP_GZIP                                                       
20029784  HTTP_METHOD_POST                                                
20029789  WS_HOST                                                         
2002978e  HTTP_METHOD_GET                                                 
20029792  ti_sysbios_family_arm_m3_Hwi_Module_State_0_excActive__A        
20029794  errno                                                           
2002979c  main_func_sp                                                    
200297a0  g_intHandle                                                     
200297a4  ti_sysbios_family_arm_m3_Hwi_Module_State_0_excContext__A       
200297a8  ti_sysbios_family_arm_m3_Hwi_Module_State_0_excStack__A         
200297ac  ti_sysbios_gates_GateHwi_Object__table__V                       
200297b0  ti_sysbios_knl_Task_Module_State_0_idleTask__A                  
200297b4  ti_sysbios_rts_ti_ReentSupport_Module__state__V                 
200297b8  xdc_runtime_Memory_Module__state__V                             
200297bc  WS_VERSION                                                      
200297bf  RecvMore                                                        
200297c0  Ping                                                            
200297c1  Close                                                           
20029964  _ctypes_                                                        
20029a65  ti_sysbios_knl_Clock_tickMode__C                                
20029a66  ti_sysbios_family_arm_m3_Hwi_Module__id__C                      
20029cd8  spiCC3220SDMAHWAttrs                                            
20029db4  OpcodeTranslateTable                                            
20029e14  _SlActionLookupTable                                            
20029eb4  uartCC3220SHWAttrs                                              
20029f3c  PowerCC32XX_config                                              
20029fbb  ti_sysbios_knl_Clock_tickSource__C                              
20029fbc  ti_sysbios_knl_Task_Object__PARAMS__C                           
20029ff8  ti_sysbios_family_arm_m3_Hwi_Object__PARAMS__C                  
2002a028  UARTCC32XX_fxnTable                                             
2002a050  ti_sysbios_heaps_HeapMem_Module__FXNS__C                        
2002a078  UART_defaultParams                                              
2002a09c  ti_sysbios_gates_GateHwi_Module__FXNS__C                        
2002a0c0  ti_sysbios_gates_GateMutex_Module__FXNS__C                      
2002a0e4  ti_sysbios_heaps_HeapMem_Object__PARAMS__C                      
2002a108  ti_sysbios_knl_Clock_Object__PARAMS__C                          
2002a12c  ti_sysbios_knl_Semaphore_Object__PARAMS__C                      
2002a171  xdc_runtime_Error_policy__C                                     
2002a172  ti_sysbios_family_arm_m3_Timer_Module__id__C                    
2002a1b4  SPI_defaultParams                                               
2002a214  ti_sysbios_family_arm_m3_Hwi_Object__DESC__C                    
2002a234  ti_sysbios_gates_GateHwi_Object__DESC__C                        
2002a254  ti_sysbios_gates_GateMutex_Object__DESC__C                      
2002a274  ti_sysbios_heaps_HeapMem_Object__DESC__C                        
2002a294  ti_sysbios_knl_Clock_Object__DESC__C                            
2002a2b4  ti_sysbios_knl_Queue_Object__DESC__C                            
2002a2d4  ti_sysbios_knl_Semaphore_Object__DESC__C                        
2002a2f4  ti_sysbios_knl_Task_Object__DESC__C                             
2002a314  xdc_runtime_Startup_sfxnTab__A                                  
2002a352  ti_sysbios_heaps_HeapMem_Module__id__C                          
2002a354  SPICC32XXDMA_fxnTable                                           
2002a36c  SPI_config                                                      
2002a384  UART_config                                                     
2002a3b4  ti_sysbios_gates_GateHwi_Object__PARAMS__C                      
2002a3cc  ti_sysbios_gates_GateMutex_Object__PARAMS__C                    
2002a3e4  ti_sysbios_knl_Queue_Object__PARAMS__C                          
2002a3fc  ti_sysbios_knl_Task_hooks__A                                    
2002a4b8  GPIOCC32XX_config                                               
2002a538  xdc_runtime_Startup_sfxnRts__A                                  
2002a548  ADC_count                                                       
2002a549  Capture_count                                                   
2002a54a  CryptoCC32XX_count                                              
2002a54b  Display_count                                                   
2002a54c  I2C_count                                                       
2002a54d  I2S_count                                                       
2002a54e  PWM_count                                                       
2002a54f  SDFatFS_count                                                   
2002a550  SD_count                                                        
2002a551  SPI_count                                                       
2002a552  Timer_count                                                     
2002a553  UART_count                                                      
2002a554  Watchdog_count                                                  
2002a555  xdc_runtime_Text_charTab__A                                     
2002a556  ti_sysbios_knl_Task_Module__id__C                               
2002a594  udmaCC3220SHWAttrs                                              
2002a5a0  xdc_runtime_Startup_firstFxns__A                                
2002a5b6  xdc_runtime_Memory_Module__id__C                                
2002a5f0  UDMACC32XX_config                                               
2002a610  outPinTypes                                                     
2002a620  ti_sysbios_knl_Idle_funcList__A                                 
2002a628  ti_sysbios_knl_Idle_funcList__C                                 
2002a630  ti_sysbios_knl_Task_hooks__C                                    
2002a638  xdc_runtime_Startup_firstFxns__C                                
2002a640  xdc_runtime_Startup_lastFxns__C                                 
2002a64e  inPinTypes                                                      
2002a654  outPinStrengths                                                 
2002a68a  _SlNetAppSendResponseCmdCtrl                                    
2002a68e  _SlNetAppSendTokenValueCmdCtrl                                  
2002a6da  xdc_runtime_Text_charCnt__C                                     
2002a6dc  ti_sysbios_family_arm_m3_Hwi_E_alreadyDefined__C                
2002a6e0  ti_sysbios_family_arm_m3_Hwi_NUM_INTERRUPTS__C                  
2002a6e4  ti_sysbios_family_arm_m3_Hwi_Object__count__C                   
2002a6e8  ti_sysbios_family_arm_m3_Hwi_ccr__C                             
2002a6ec  ti_sysbios_family_arm_m3_Hwi_excHandlerFunc__C                  
2002a6f0  ti_sysbios_family_arm_m3_Hwi_nullIsrFunc__C                     
2002a6f4  ti_sysbios_family_arm_m3_Hwi_priGroup__C                        
2002a6f8  ti_sysbios_family_arm_m3_Hwi_swiDisable__C                      
2002a6fc  ti_sysbios_family_arm_m3_Hwi_swiRestoreHwi__C                   
2002a700  ti_sysbios_family_arm_m3_TaskSupport_stackAlignment__C          
2002a704  ti_sysbios_family_arm_m3_Timer_E_cannotSupport__C               
2002a708  ti_sysbios_family_arm_m3_Timer_startupNeeded__C                 
2002a70c  ti_sysbios_gates_GateMutex_Instance_State_sem__O                
2002a710  ti_sysbios_heaps_HeapMem_E_memory__C                            
2002a714  ti_sysbios_heaps_HeapMem_Module__gateObj__C                     
2002a718  ti_sysbios_heaps_HeapMem_Object__count__C                       
2002a71c  ti_sysbios_heaps_HeapMem_primaryHeapBaseAddr__C                 
2002a720  ti_sysbios_heaps_HeapMem_primaryHeapEndAddr__C                  
2002a724  ti_sysbios_heaps_HeapMem_reqAlign__C                            
2002a728  ti_sysbios_knl_Clock_Module_State_clockQ__O                     
2002a72c  ti_sysbios_knl_Clock_tickPeriod__C                              
2002a730  ti_sysbios_knl_Mailbox_Instance_State_freeQue__O                
2002a734  ti_sysbios_knl_Mailbox_Object__count__C                         
2002a738  ti_sysbios_knl_Mailbox_maxTypeAlign__C                          
2002a73c  ti_sysbios_knl_Semaphore_Instance_State_pendQ__O                
2002a740  ti_sysbios_knl_Swi_Object__count__C                             
2002a744  ti_sysbios_knl_Task_E_deleteNotAllowed__C                       
2002a748  ti_sysbios_knl_Task_Module_State_inactiveQ__O                   
2002a74c  ti_sysbios_knl_Task_Module_State_terminatedQ__O                 
2002a750  ti_sysbios_knl_Task_Object__count__C                            
2002a754  ti_sysbios_knl_Task_Object__heap__C                             
2002a758  ti_sysbios_knl_Task_allBlockedFunc__C                           
2002a75c  ti_sysbios_knl_Task_defaultStackHeap__C                         
2002a760  ti_sysbios_knl_Task_defaultStackSize__C                         
2002a764  ti_sysbios_knl_Task_numConstructedTasks__C                      
2002a768  xdc_runtime_Error_E_memory__C                                   
2002a76c  xdc_runtime_Error_policyFxn__C                                  
2002a770  xdc_runtime_IGateProvider_Interface__BASE__C                    
2002a774  xdc_runtime_IHeap_Interface__BASE__C                            
2002a778  xdc_runtime_IModule_Interface__BASE__C                          
2002a77c  xdc_runtime_Memory_defaultHeapInstance__C                       
2002a780  xdc_runtime_Startup_execImpl__C                                 
2002a784  xdc_runtime_Startup_maxPasses__C                                
2002a788  xdc_runtime_Startup_sfxnRts__C                                  
2002a78c  xdc_runtime_Startup_sfxnTab__C                                  
2002a790  xdc_runtime_SysCallback_abortFxn__C                             
2002a794  xdc_runtime_SysCallback_exitFxn__C                              
2002a798  xdc_runtime_System_Module__gateObj__C                           
2002a79c  xdc_runtime_System_abortFxn__C                                  
2002a7a0  xdc_runtime_System_exitFxn__C                                   
2002a7a4  xdc_runtime_System_maxAtexitHandlers__C                         
2002a7a8  xdc_runtime_Text_charTab__C                                     
2002a7ac  xdc_runtime_Text_nameEmpty__C                                   
2002a7b0  xdc_runtime_Text_nameStatic__C                                  
2002a7b4  xdc_runtime_Text_nameUnknown__C                                 
2002a7b8  xdc_runtime_Text_isLoaded__C                                    
2002a7c0  __TI_static_base__                                              
2002ac78  __TI_Handler_Table_Base                                         
2002ac84  __TI_Handler_Table_Limit                                        
2002ac90  __TI_CINIT_Base                                                 
2002aca0  __TI_CINIT_Limit                                                
e000e000  ti_sysbios_family_arm_m3_Hwi_nvic                               
ffffffff  __TI_pprof_out_hndl                                             
ffffffff  __TI_prof_data_size                                             
ffffffff  __TI_prof_data_start                                            
ffffffff  __binit__                                                       
ffffffff  __c_args__                                                      
ffffffff  binit                                                           
UNDEFED   SHT$$INIT_ARRAY$$Base                                           
UNDEFED   SHT$$INIT_ARRAY$$Limit                                          

[1033 symbols]
